Component: ARM Compiler 5.06 update 7 (build 960) Tool: armlink [4d3601]

==============================================================================

Section Cross References

    startup_stm32f103xe.o(STACK) refers (Special) to heapauxi.o(.text) for __use_two_region_memory
    startup_stm32f103xe.o(HEAP) refers (Special) to heapauxi.o(.text) for __use_two_region_memory
    startup_stm32f103xe.o(RESET) refers (Special) to heapauxi.o(.text) for __use_two_region_memory
    startup_stm32f103xe.o(RESET) refers to startup_stm32f103xe.o(STACK) for __initial_sp
    startup_stm32f103xe.o(RESET) refers to startup_stm32f103xe.o(.text) for Reset_Handler
    startup_stm32f103xe.o(RESET) refers to exti.o(i.EXTI0_IRQHandler) for EXTI0_IRQHandler
    startup_stm32f103xe.o(RESET) refers to exti.o(i.EXTI3_IRQHandler) for EXTI3_IRQHandler
    startup_stm32f103xe.o(RESET) refers to exti.o(i.EXTI4_IRQHandler) for EXTI4_IRQHandler
    startup_stm32f103xe.o(RESET) refers to exti.o(i.EXTI9_5_IRQHandler) for EXTI9_5_IRQHandler
    startup_stm32f103xe.o(RESET) refers to usmart_port.o(i.TIM3_IRQHandler) for TIM3_IRQHandler
    startup_stm32f103xe.o(RESET) refers to remote.o(i.TIM4_IRQHandler) for TIM4_IRQHandler
    startup_stm32f103xe.o(RESET) refers to usart.o(i.USART1_IRQHandler) for USART1_IRQHandler
    startup_stm32f103xe.o(RESET) refers to btim.o(i.TIM6_IRQHandler) for TIM6_IRQHandler
    startup_stm32f103xe.o(.text) refers (Special) to heapauxi.o(.text) for __use_two_region_memory
    startup_stm32f103xe.o(.text) refers to __main.o(!!!main) for __main
    startup_stm32f103xe.o(.text) refers to startup_stm32f103xe.o(HEAP) for Heap_Mem
    startup_stm32f103xe.o(.text) refers to startup_stm32f103xe.o(STACK) for Stack_Mem
    main.o(i.camera_new_pathname) refers to _printf_pad.o(.text) for _printf_pre_padding
    main.o(i.camera_new_pathname) refers to _printf_percent.o(.ARM.Collect$$_printf_percent$$00000000) for _printf_percent
    main.o(i.camera_new_pathname) refers to _printf_d.o(.ARM.Collect$$_printf_percent$$00000009) for _printf_d
    main.o(i.camera_new_pathname) refers to _printf_dec.o(.text) for _printf_int_dec
    main.o(i.camera_new_pathname) refers to malloc.o(i.mymalloc) for mymalloc
    main.o(i.camera_new_pathname) refers to noretval__2sprintf.o(.text) for __2sprintf
    main.o(i.camera_new_pathname) refers to ff.o(i.f_open) for f_open
    main.o(i.camera_new_pathname) refers to malloc.o(i.myfree) for myfree
    main.o(i.main) refers to _printf_percent.o(.ARM.Collect$$_printf_percent$$00000000) for _printf_percent
    main.o(i.main) refers to _printf_s.o(.ARM.Collect$$_printf_percent$$00000014) for _printf_s
    main.o(i.main) refers to _printf_str.o(.text) for _printf_str
    main.o(i.main) refers to _printf_d.o(.ARM.Collect$$_printf_percent$$00000009) for _printf_d
    main.o(i.main) refers to _printf_dec.o(.text) for _printf_int_dec
    main.o(i.main) refers to sys.o(i.sys_stm32_clock_init) for sys_stm32_clock_init
    main.o(i.main) refers to delay.o(i.delay_init) for delay_init
    main.o(i.main) refers to usart.o(i.usart_init) for usart_init
    main.o(i.main) refers to led.o(i.led_init) for led_init
    main.o(i.main) refers to lcd.o(i.lcd_init) for lcd_init
    main.o(i.main) refers to key.o(i.key_init) for key_init
    main.o(i.main) refers to beep.o(i.beep_init) for beep_init
    main.o(i.main) refers to norflash.o(i.norflash_init) for norflash_init
    main.o(i.main) refers to malloc.o(i.my_mem_init) for my_mem_init
    main.o(i.main) refers to exfuns.o(i.exfuns_init) for exfuns_init
    main.o(i.main) refers to ff.o(i.f_mount) for f_mount
    main.o(i.main) refers to remote.o(i.remote_init) for remote_init
    main.o(i.main) refers to piclib.o(i.piclib_init) for piclib_init
    main.o(i.main) refers to lcd.o(i.lcd_show_string) for lcd_show_string
    main.o(i.main) refers to delay.o(i.delay_ms) for delay_ms
    main.o(i.main) refers to lcd.o(i.lcd_fill) for lcd_fill
    main.o(i.main) refers to fonts.o(i.fonts_init) for fonts_init
    main.o(i.main) refers to text.o(i.text_show_string) for text_show_string
    main.o(i.main) refers to ff.o(i.f_mkdir) for f_mkdir
    main.o(i.main) refers to ov7725.o(i.ov7725_init) for ov7725_init
    main.o(i.main) refers to ov7725.o(i.ov7725_window_set) for ov7725_window_set
    main.o(i.main) refers to ov7725.o(i.ov7725_light_mode) for ov7725_light_mode
    main.o(i.main) refers to ov7725.o(i.ov7725_color_saturation) for ov7725_color_saturation
    main.o(i.main) refers to ov7725.o(i.ov7725_brightness) for ov7725_brightness
    main.o(i.main) refers to ov7725.o(i.ov7725_contrast) for ov7725_contrast
    main.o(i.main) refers to ov7725.o(i.ov7725_special_effects) for ov7725_special_effects
    main.o(i.main) refers to sys.o(i.sys_gpio_pin_set) for sys_gpio_pin_set
    main.o(i.main) refers to malloc.o(i.mymalloc) for mymalloc
    main.o(i.main) refers to btim.o(i.btim_timx_int_init) for btim_timx_int_init
[...]
    __rt_lib_init_user_alloc_1               0x08000209   Thumb Code     0  libinit2.o(.ARM.Collect$$libinit$$0000000C)
    __rt_lib_shutdown                        0x0800020b   Thumb Code     0  libshutdown.o(.ARM.Collect$$libshutdown$$00000000)
    __rt_lib_shutdown_cpp_1                  0x0800020d   Thumb Code     0  libshutdown2.o(.ARM.Collect$$libshutdown$$00000004)
    __rt_lib_shutdown_fini_1                 0x0800020d   Thumb Code     0  libshutdown2.o(.ARM.Collect$$libshutdown$$00000002)
    __rt_lib_shutdown_fp_trap_1              0x0800020d   Thumb Code     0  libshutdown2.o(.ARM.Collect$$libshutdown$$00000009)
    __rt_lib_shutdown_heap_1                 0x0800020d   Thumb Code     0  libshutdown2.o(.ARM.Collect$$libshutdown$$00000011)
    __rt_lib_shutdown_return                 0x0800020d   Thumb Code     0  libshutdown2.o(.ARM.Collect$$libshutdown$$00000012)
    __rt_lib_shutdown_signal_1               0x0800020d   Thumb Code     0  libshutdown2.o(.ARM.Collect$$libshutdown$$0000000C)
    __rt_lib_shutdown_stdio_1                0x0800020d   Thumb Code     0  libshutdown2.o(.ARM.Collect$$libshutdown$$00000006)
    __rt_lib_shutdown_user_alloc_1           0x0800020d   Thumb Code     0  libshutdown2.o(.ARM.Collect$$libshutdown$$0000000E)
    __rt_entry                               0x0800020f   Thumb Code     0  __rtentry.o(.ARM.Collect$$rtentry$$00000000)
    __rt_entry_presh_1                       0x0800020f   Thumb Code     0  __rtentry2.o(.ARM.Collect$$rtentry$$00000002)
    __rt_entry_sh                            0x0800020f   Thumb Code     0  __rtentry4.o(.ARM.Collect$$rtentry$$00000004)
    __rt_entry_li                            0x08000215   Thumb Code     0  __rtentry2.o(.ARM.Collect$$rtentry$$0000000A)
    __rt_entry_postsh_1                      0x08000215   Thumb Code     0  __rtentry2.o(.ARM.Collect$$rtentry$$00000009)
    __rt_entry_main                          0x08000219   Thumb Code     0  __rtentry2.o(.ARM.Collect$$rtentry$$0000000D)
    __rt_entry_postli_1                      0x08000219   Thumb Code     0  __rtentry2.o(.ARM.Collect$$rtentry$$0000000C)
    __rt_exit                                0x08000221   Thumb Code     0  rtexit.o(.ARM.Collect$$rtexit$$00000000)
    __rt_exit_ls                             0x08000223   Thumb Code     0  rtexit2.o(.ARM.Collect$$rtexit$$00000003)
    __rt_exit_prels_1                        0x08000223   Thumb Code     0  rtexit2.o(.ARM.Collect$$rtexit$$00000002)
    __rt_exit_exit                           0x08000227   Thumb Code     0  rtexit2.o(.ARM.Collect$$rtexit$$00000004)
    Reset_Handler                            0x0800022d   Thumb Code     4  startup_stm32f103xe.o(.text)
    NMI_Handler                              0x08000231   Thumb Code     2  startup_stm32f103xe.o(.text)
    HardFault_Handler                        0x08000233   Thumb Code     2  startup_stm32f103xe.o(.text)
    MemManage_Handler                        0x08000235   Thumb Code     2  startup_stm32f103xe.o(.text)
    BusFault_Handler                         0x08000237   Thumb Code     2  startup_stm32f103xe.o(.text)
    UsageFault_Handler                       0x08000239   Thumb Code     2  startup_stm32f103xe.o(.text)
    SVC_Handler                              0x0800023b   Thumb Code     2  startup_stm32f103xe.o(.text)
    DebugMon_Handler                         0x0800023d   Thumb Code     2  startup_stm32f103xe.o(.text)
    PendSV_Handler                           0x0800023f   Thumb Code     2  startup_stm32f103xe.o(.text)
    SysTick_Handler                          0x08000241   Thumb Code     2  startup_stm32f103xe.o(.text)
    ADC1_2_IRQHandler                        0x08000243   Thumb Code     0  startup_stm32f103xe.o(.text)
    ADC3_IRQHandler                          0x08000243   Thumb Code     0  startup_stm32f103xe.o(.text)
    CAN1_RX1_IRQHandler                      0x08000243   Thumb Code     0  startup_stm32f103xe.o(.text)
    CAN1_SCE_IRQHandler                      0x08000243   Thumb Code     0  startup_stm32f103xe.o(.text)
    DMA1_Channel1_IRQHandler                 0x08000243   Thumb Code     0  startup_stm32f103xe.o(.text)
    DMA1_Channel2_IRQHandler                 0x08000243   Thumb Code     0  startup_stm32f103xe.o(.text)
    DMA1_Channel3_IRQHandler                 0x08000243   Thumb Code     0  startup_stm32f103xe.o(.text)
    DMA1_Channel4_IRQHandler                 0x08000243   Thumb Code     0  startup_stm32f103xe.o(.text)
    DMA1_Channel5_IRQHandler                 0x08000243   Thumb Code     0  startup_stm32f103xe.o(.text)
    DMA1_Channel6_IRQHandler                 0x08000243   Thumb Code     0  startup_stm32f103xe.o(.text)
    DMA1_Channel7_IRQHandler                 0x08000243   Thumb Code     0  startup_stm32f103xe.o(.text)
    DMA2_Channel1_IRQHandler                 0x08000243   Thumb Code     0  startup_stm32f103xe.o(.text)
    DMA2_Channel2_IRQHandler                 0x08000243   Thumb Code     0  startup_stm32f103xe.o(.text)
    DMA2_Channel3_IRQHandler                 0x08000243   Thumb Code     0  startup_stm32f103xe.o(.text)
    DMA2_Channel4_5_IRQHandler               0x08000243   Thumb Code     0  startup_stm32f103xe.o(.text)
    EXTI15_10_IRQHandler                     0x08000243   Thumb Code     0  startup_stm32f103xe.o(.text)
    EXTI1_IRQHandler                         0x08000243   Thumb Code     0  startup_stm32f103xe.o(.text)
    EXTI2_IRQHandler                         0x08000243   Thumb Code     0  startup_stm32f103xe.o(.text)
    FLASH_IRQHandler                         0x08000243   Thumb Code     0  startup_stm32f103xe.o(.text)
    FSMC_IRQHandler                          0x08000243   Thumb Code     0  startup_stm32f103xe.o(.text)
    I2C1_ER_IRQHandler                       0x08000243   Thumb Code     0  startup_stm32f103xe.o(.text)
    I2C1_EV_IRQHandler                       0x08000243   Thumb Code     0  startup_stm32f103xe.o(.text)
    I2C2_ER_IRQHandler                       0x08000243   Thumb Code     0  startup_stm32f103xe.o(.text)
    I2C2_EV_IRQHandler                       0x08000243   Thumb Code     0  startup_stm32f103xe.o(.text)
    PVD_IRQHandler                           0x08000243   Thumb Code     0  startup_stm32f103xe.o(.text)
    RCC_IRQHandler                           0x08000243   Thumb Code     0  startup_stm32f103xe.o(.text)
    RTC_Alarm_IRQHandler                     0x08000243   Thumb Code     0  startup_stm32f103xe.o(.text)
    RTC_IRQHandler                           0x08000243   Thumb Code     0  startup_stm32f103xe.o(.text)
    SDIO_IRQHandler                          0x08000243   Thumb Code     0  startup_stm32f103xe.o(.text)
    SPI1_IRQHandler                          0x08000243   Thumb Code     0  startup_stm32f103xe.o(.text)
    SPI2_IRQHandler                          0x08000243   Thumb Code     0  startup_stm32f103xe.o(.text)
    SPI3_IRQHandler                          0x08000243   Thumb Code     0  startup_stm32f103xe.o(.text)
    TAMPER_IRQHandler                        0x08000243   Thumb Code     0  startup_stm32f103xe.o(.text)
    TIM1_BRK_IRQHandler                      0x08000243   Thumb Code     0  startup_stm32f103xe.o(.text)
    TIM1_CC_IRQHandler                       0x08000243   Thumb Code     0  startup_stm32f103xe.o(.text)
    TIM1_TRG_COM_IRQHandler                  0x08000243   Thumb Code     0  startup_stm32f103xe.o(.text)
    TIM1_UP_IRQHandler                       0x08000243   Thumb Code     0  startup_stm32f103xe.o(.text)
    TIM2_IRQHandler                          0x08000243   Thumb Code     0  startup_stm32f103xe.o(.text)
    TIM5_IRQHandler                          0x08000243   Thumb Code     0  startup_stm32f103xe.o(.text)
    TIM7_IRQHandler                          0x08000243   Thumb Code     0  startup_stm32f103xe.o(.text)
    TIM8_BRK_IRQHandler                      0x08000243   Thumb Code     0  startup_stm32f103xe.o(.text)
    TIM8_CC_IRQHandler                       0x08000243   Thumb Code     0  startup_stm32f103xe.o(.text)
    TIM8_TRG_COM_IRQHandler                  0x08000243   Thumb Code     0  startup_stm32f103xe.o(.text)
    TIM8_UP_IRQHandler                       0x08000243   Thumb Code     0  startup_stm32f103xe.o(.text)
    UART4_IRQHandler                         0x08000243   Thumb Code     0  startup_stm32f103xe.o(.text)
    UART5_IRQHandler                         0x08000243   Thumb Code     0  startup_stm32f103xe.o(.text)
    USART2_IRQHandler                        0x08000243   Thumb Code     0  startup_stm32f103xe.o(.text)
    USART3_IRQHandler                        0x08000243   Thumb Code     0  startup_stm32f103xe.o(.text)
    USBWakeUp_IRQHandler                     0x08000243   Thumb Code     0  startup_stm32f103xe.o(.text)
    USB_HP_CAN1_TX_IRQHandler                0x08000243   Thumb Code     0  startup_stm32f103xe.o(.text)
    USB_LP_CAN1_RX0_IRQHandler               0x08000243   Thumb Code     0  startup_stm32f103xe.o(.text)
    WWDG_IRQHandler                          0x08000243   Thumb Code     0  startup_stm32f103xe.o(.text)
    __user_initial_stackheap                 0x08000245   Thumb Code     0  startup_stm32f103xe.o(.text)
    __use_no_semihosting                     0x08000265   Thumb Code     2  use_no_semi_2.o(.text)
    __aeabi_uldivmod                         0x08000267   Thumb Code     0  lludivv7m.o(.text)
    _ll_udiv                                 0x08000267   Thumb Code   238  lludivv7m.o(.text)
    __aeabi_ldivmod                          0x08000355   Thumb Code     0  llsdiv.o(.text)
    _ll_sdiv                                 0x08000355   Thumb Code    72  llsdiv.o(.text)
    __2printf                                0x0800039d   Thumb Code    20  noretval__2printf.o(.text)
    __2sprintf                               0x080003b5   Thumb Code    34  noretval__2sprintf.o(.text)
    _printf_pre_padding                      0x080003dd   Thumb Code    44  _printf_pad.o(.text)
    _printf_post_padding                     0x08000409   Thumb Code    34  _printf_pad.o(.text)
    _printf_str                              0x0800042b   Thumb Code    82  _printf_str.o(.text)
    _printf_int_dec                          0x0800047d   Thumb Code   104  _printf_dec.o(.text)
    _printf_int_hex                          0x080004f5   Thumb Code    84  _printf_hex_int.o(.text)
    _printf_longlong_hex                     0x080004f5   Thumb Code     0  _printf_hex_int.o(.text)
    __printf                                 0x0800054d   Thumb Code   388  __printf_flags_ss_wp.o(.text)
    strchr                                   0x080006d5   Thumb Code    20  strchr.o(.text)
    memcmp                                   0x080006e9   Thumb Code    88  memcmp.o(.text)
    strcpy                                   0x08000741   Thumb Code    72  strcpy.o(.text)
    strcat                                   0x08000789   Thumb Code    24  strcat.o(.text)
    __aeabi_memcpy                           0x080007a1   Thumb Code     0  rt_memcpy_v6.o(.text)
    __rt_memcpy                              0x080007a1   Thumb Code   138  rt_memcpy_v6.o(.text)
    _memcpy_lastbytes                        0x08000807   Thumb Code     0  rt_memcpy_v6.o(.text)
    __aeabi_memcpy4                          0x0800082b   Thumb Code     0  rt_memcpy_w.o(.text)
    __aeabi_memcpy8                          0x0800082b   Thumb Code     0  rt_memcpy_w.o(.text)
    __rt_memcpy_w                            0x0800082b   Thumb Code   100  rt_memcpy_w.o(.text)
    _memcpy_lastbytes_aligned                0x08000873   Thumb Code     0  rt_memcpy_w.o(.text)
    __aeabi_memset                           0x0800088f   Thumb Code    16  aeabi_memset.o(.text)
    __aeabi_memclr                           0x0800089f   Thumb Code     0  rt_memclr.o(.text)
    __rt_memclr                              0x0800089f   Thumb Code    68  rt_memclr.o(.text)
    _memset                                  0x080008a3   Thumb Code     0  rt_memclr.o(.text)
    __aeabi_memclr4                          0x080008e3   Thumb Code     0  rt_memclr_w.o(.text)
    __aeabi_memclr8                          0x080008e3   Thumb Code     0  rt_memclr_w.o(.text)
    __rt_memclr_w                            0x080008e3   Thumb Code    78  rt_memclr_w.o(.text)
    _memset_w                                0x080008e7   Thumb Code     0  rt_memclr_w.o(.text)
    strcmp                                   0x08000931   Thumb Code   128  strcmpv7m.o(.text)
    __use_two_region_memory                  0x080009b1   Thumb Code     2  heapauxi.o(.text)
    __rt_heap_escrow$2region                 0x080009b3   Thumb Code     2  heapauxi.o(.text)
    __rt_heap_expand$2region                 0x080009b5   Thumb Code     2  heapauxi.o(.text)
    __semihosting$guard                      0x080009b7   Thumb Code     0  use_no_semi.o(.text)
    __use_no_semihosting_swi                 0x080009b7   Thumb Code     2  use_no_semi.o(.text)
    _printf_int_common                       0x080009b9   Thumb Code   178  _printf_intcommon.o(.text)
    _printf_char_common                      0x08000a77   Thumb Code    32  _printf_char_common.o(.text)
    _sputc                                   0x08000a9d   Thumb Code    10  _sputc.o(.text)
    _printf_cs_common                        0x08000aa7   Thumb Code    20  _printf_char.o(.text)
    _printf_char                             0x08000abb   Thumb Code    16  _printf_char.o(.text)
    _printf_string                           0x08000acb   Thumb Code     8  _printf_char.o(.text)
    _printf_char_file                        0x08000ad5   Thumb Code    32  _printf_char_file.o(.text)
    ferror                                   0x08000af9   Thumb Code     8  ferror.o(.text)
    __user_setup_stackheap                   0x08000b01   Thumb Code    74  sys_stackheap_outer.o(.text)
    exit                                     0x08000b4b   Thumb Code    18  exit.o(.text)
    __user_libspace                          0x08000b5d   Thumb Code     8  libspace.o(.text)
    __user_perproc_libspace                  0x08000b5d   Thumb Code     0  libspace.o(.text)
    __user_perthread_libspace                0x08000b5d   Thumb Code     0  libspace.o(.text)
    EXTI0_IRQHandler                         0x08000b65   Thumb Code    44  exti.o(i.EXTI0_IRQHandler)
    EXTI3_IRQHandler                         0x08000b9d   Thumb Code    42  exti.o(i.EXTI3_IRQHandler)
    EXTI4_IRQHandler                         0x08000bd5   Thumb Code    62  exti.o(i.EXTI4_IRQHandler)
    EXTI9_5_IRQHandler                       0x08000c21   Thumb Code    76  exti.o(i.EXTI9_5_IRQHandler)
    TIM3_IRQHandler                          0x08000c7d   Thumb Code    50  usmart_port.o(i.TIM3_IRQHandler)
    TIM4_IRQHandler                          0x08000cb9   Thumb Code   386  remote.o(i.TIM4_IRQHandler)
    TIM6_IRQHandler                          0x08000e51   Thumb Code    42  btim.o(i.TIM6_IRQHandler)
    USART1_IRQHandler                        0x08000e95   Thumb Code   118  usart.o(i.USART1_IRQHandler)
    _is_digit                                0x08000f19   Thumb Code    14  __printf_wp.o(i._is_digit)
    _sys_exit                                0x08000f27   Thumb Code     4  usart.o(i._sys_exit)
    beep_init                                0x08000f51   Thumb Code    50  beep.o(i.beep_init)
    bmp_encode                               0x080012d9   Thumb Code   488  bmp.o(i.bmp_encode)
    btim_timx_int_init                       0x080014c9   Thumb Code    62  btim.o(i.btim_timx_int_init)
    camera_new_pathname                      0x08001511   Thumb Code    82  main.o(i.camera_new_pathname)
    delay_init                               0x08002015   Thumb Code    38  delay.o(i.delay_init)
    delay_ms                                 0x08002041   Thumb Code    18  delay.o(i.delay_ms)
    delay_us                                 0x08002055   Thumb Code    68  delay.o(i.delay_us)
    dir_sdi                                  0x0800278f   Thumb Code   170  ff.o(i.dir_sdi)
    disk_initialize                          0x08002839   Thumb Code    44  diskio.o(i.disk_initialize)
    disk_ioctl                               0x08002865   Thumb Code   170  diskio.o(i.disk_ioctl)
    disk_read                                0x08002915   Thumb Code   126  diskio.o(i.disk_read)
    disk_status                              0x08002993   Thumb Code     6  diskio.o(i.disk_status)
    disk_write                               0x08002999   Thumb Code   126  diskio.o(i.disk_write)
    exfuns_char_upper                        0x08002a17   Thumb Code    26  exfuns.o(i.exfuns_char_upper)
    exfuns_file_type                         0x08002a31   Thumb Code   186  exfuns.o(i.exfuns_file_type)
    exfuns_init                              0x08002af1   Thumb Code    64  exfuns.o(i.exfuns_init)
    exti_ov7725_vsync_init                   0x08002b35   Thumb Code    26  exti.o(i.exti_ov7725_vsync_init)
    f_close                                  0x08002b55   Thumb Code    38  ff.o(i.f_close)
    f_lseek                                  0x08002b7b   Thumb Code  1110  ff.o(i.f_lseek)
    f_mkdir                                  0x08002fd1   Thumb Code   418  ff.o(i.f_mkdir)
    f_mount                                  0x08003175   Thumb Code    80  ff.o(i.f_mount)
    f_open                                   0x080031c9   Thumb Code   786  ff.o(i.f_open)
    f_opendir                                0x080034db   Thumb Code   184  ff.o(i.f_opendir)
    f_read                                   0x08003593   Thumb Code   552  ff.o(i.f_read)
    f_readdir                                0x080037bb   Thumb Code   112  ff.o(i.f_readdir)
    f_sync                                   0x0800382b   Thumb Code   424  ff.o(i.f_sync)
    f_write                                  0x080039d3   Thumb Code   644  ff.o(i.f_write)
    ff_memalloc                              0x08003c57   Thumb Code    14  ffsystem.o(i.ff_memalloc)
    ff_memfree                               0x08003c65   Thumb Code    14  ffsystem.o(i.ff_memfree)
    ff_oem2uni                               0x08003c75   Thumb Code   130  myffunicode.o(i.ff_oem2uni)
    ff_uni2oem                               0x08003cfd   Thumb Code   126  myffunicode.o(i.ff_uni2oem)
    ff_wtoupper                              0x08003d81   Thumb Code   166  myffunicode.o(i.ff_wtoupper)
    fonts_init                               0x0800408d   Thumb Code    60  fonts.o(i.fonts_init)
    fputc                                    0x080040cd   Thumb Code    24  usart.o(i.fputc)
    get_fattime                              0x08004351   Thumb Code     4  ffsystem.o(i.get_fattime)
    gif_decode                               0x08004869   Thumb Code   296  gif.o(i.gif_decode)
    gif_getinfo                              0x08004d6d   Thumb Code    70  gif.o(i.gif_getinfo)
    jd_decomp                                0x0800567b   Thumb Code   162  tjpgd.o(i.jd_decomp)
    jd_prepare                               0x0800571d   Thumb Code   862  tjpgd.o(i.jd_prepare)
    jpg_decode                               0x08005c4d   Thumb Code   232  tjpgd.o(i.jpg_decode)
    key_init                                 0x08005d51   Thumb Code   102  key.o(i.key_init)
    lcd_clear                                0x08005dc5   Thumb Code    42  lcd.o(i.lcd_clear)
    lcd_color_fill                           0x08005df9   Thumb Code    92  lcd.o(i.lcd_color_fill)
    lcd_display_dir                          0x08005e59   Thumb Code   360  lcd.o(i.lcd_display_dir)
    lcd_draw_hline                           0x08005fc5   Thumb Code    52  lcd.o(i.lcd_draw_hline)
    lcd_draw_point                           0x08005ffd   Thumb Code    26  lcd.o(i.lcd_draw_point)
    lcd_ex_ili9341_reginit                   0x0800601d   Thumb Code   556  lcd.o(i.lcd_ex_ili9341_reginit)
    lcd_ex_ili9806_reginit                   0x08006249   Thumb Code   832  lcd.o(i.lcd_ex_ili9806_reginit)
    lcd_ex_nt35310_reginit                   0x08006589   Thumb Code  3826  lcd.o(i.lcd_ex_nt35310_reginit)
    lcd_ex_nt35510_reginit                   0x0800747b   Thumb Code  3836  lcd.o(i.lcd_ex_nt35510_reginit)
    lcd_ex_ssd1963_reginit                   0x08008377   Thumb Code   366  lcd.o(i.lcd_ex_ssd1963_reginit)
    lcd_ex_st7789_reginit                    0x080084e5   Thumb Code   424  lcd.o(i.lcd_ex_st7789_reginit)
    lcd_ex_st7796_reginit                    0x0800868d   Thumb Code   454  lcd.o(i.lcd_ex_st7796_reginit)
    lcd_fill                                 0x08008855   Thumb Code    80  lcd.o(i.lcd_fill)
    lcd_init                                 0x080088a9   Thumb Code  1154  lcd.o(i.lcd_init)
    lcd_read_point                           0x08008d59   Thumb Code   148  lcd.o(i.lcd_read_point)
    lcd_scan_dir                             0x08008df1   Thumb Code   568  lcd.o(i.lcd_scan_dir)
    lcd_set_cursor                           0x0800902d   Thumb Code   282  lcd.o(i.lcd_set_cursor)
    lcd_set_window                           0x0800914d   Thumb Code   362  lcd.o(i.lcd_set_window)
    lcd_show_char                            0x080092bd   Thumb Code   294  lcd.o(i.lcd_show_char)
    lcd_show_string                          0x080093fd   Thumb Code   106  lcd.o(i.lcd_show_string)
    lcd_ssd_backlight_set                    0x08009469   Thumb Code    80  lcd.o(i.lcd_ssd_backlight_set)
    lcd_wr_data                              0x080094bd   Thumb Code    18  lcd.o(i.lcd_wr_data)
    lcd_wr_regno                             0x080094d5   Thumb Code    18  lcd.o(i.lcd_wr_regno)
    lcd_write_ram_prepare                    0x080094ed   Thumb Code    10  lcd.o(i.lcd_write_ram_prepare)
    lcd_write_reg                            0x08009501   Thumb Code    10  lcd.o(i.lcd_write_reg)
    led_init                                 0x080095bd   Thumb Code    90  led.o(i.led_init)
    main                                     0x08009775   Thumb Code  2812  main.o(i.main)
    mf_free                                  0x0800a7f5   Thumb Code    26  fattester.o(i.mf_free)
    mf_init                                  0x0800a815   Thumb Code    58  fattester.o(i.mf_init)
    mf_scan_files                            0x0800a855   Thumb Code    74  fattester.o(i.mf_scan_files)
    minibmp_decode                           0x0800a8b9   Thumb Code   974  bmp.o(i.minibmp_decode)
    my_mem_init                              0x0800b1a5   Thumb Code    38  malloc.o(i.my_mem_init)
    my_mem_perused                           0x0800b27d   Thumb Code    56  malloc.o(i.my_mem_perused)
    my_mem_set                               0x0800b2bd   Thumb Code    20  malloc.o(i.my_mem_set)
    myfree                                   0x0800b2d1   Thumb Code    30  malloc.o(i.myfree)
    mymalloc                                 0x0800b2f5   Thumb Code    34  malloc.o(i.mymalloc)
    norflash_erase_sector                    0x0800b31d   Thumb Code    54  norflash.o(i.norflash_erase_sector)
    norflash_init                            0x0800b359   Thumb Code   138  norflash.o(i.norflash_init)
    norflash_read                            0x0800b3f1   Thumb Code    68  norflash.o(i.norflash_read)
    norflash_read_id                         0x0800b439   Thumb Code    68  norflash.o(i.norflash_read_id)
    norflash_read_sr                         0x0800b481   Thumb Code    80  norflash.o(i.norflash_read_sr)
    norflash_write                           0x0800b51d   Thumb Code   180  norflash.o(i.norflash_write)
    norflash_write_enable                    0x0800b5d5   Thumb Code    32  norflash.o(i.norflash_write_enable)
    norflash_write_sr                        0x0800b691   Thumb Code    76  norflash.o(i.norflash_write_sr)
    ov7725_brightness                        0x0800b6e1   Thumb Code    96  ov7725.o(i.ov7725_brightness)
    ov7725_camera_refresh                    0x0800b741   Thumb Code   220  main.o(i.ov7725_camera_refresh)
    ov7725_color_saturation                  0x0800b841   Thumb Code    26  ov7725.o(i.ov7725_color_saturation)
    ov7725_contrast                          0x0800b85b   Thumb Code    24  ov7725.o(i.ov7725_contrast)
    ov7725_init                              0x0800b875   Thumb Code   454  ov7725.o(i.ov7725_init)
    ov7725_light_mode                        0x0800ba71   Thumb Code   274  ov7725.o(i.ov7725_light_mode)
    ov7725_read_reg                          0x0800bb83   Thumb Code    54  ov7725.o(i.ov7725_read_reg)
    ov7725_special_effects                   0x0800bbb9   Thumb Code   190  ov7725.o(i.ov7725_special_effects)
    ov7725_window_set                        0x0800bc77   Thumb Code   362  ov7725.o(i.ov7725_window_set)
    ov7725_write_reg                         0x0800bde1   Thumb Code    50  ov7725.o(i.ov7725_write_reg)
    pic_get_tnum                             0x0800be13   Thumb Code    94  main.o(i.pic_get_tnum)
    piclib_ai_draw_init                      0x0800befd   Thumb Code   264  piclib.o(i.piclib_ai_draw_init)
    piclib_ai_load_picfile                   0x0800c009   Thumb Code   194  piclib.o(i.piclib_ai_load_picfile)
    piclib_alpha_blend                       0x0800c0d9   Thumb Code    42  piclib.o(i.piclib_alpha_blend)
    piclib_init                              0x0800c135   Thumb Code    58  piclib.o(i.piclib_init)
    piclib_is_element_ok                     0x0800c191   Thumb Code    36  piclib.o(i.piclib_is_element_ok)
    piclib_mem_free                          0x0800c1b9   Thumb Code    14  piclib.o(i.piclib_mem_free)
    piclib_mem_malloc                        0x0800c1c7   Thumb Code    14  piclib.o(i.piclib_mem_malloc)
    read_addr                                0x0800c3db   Thumb Code     6  usmart.o(i.read_addr)
    remote_init                              0x0800c3e1   Thumb Code   328  remote.o(i.remote_init)
    remote_scan                              0x0800c535   Thumb Code    90  remote.o(i.remote_scan)
    sccb_init                                0x0800c779   Thumb Code    74  sccb.o(i.sccb_init)
    sccb_nack                                0x0800c7d1   Thumb Code    46  sccb.o(i.sccb_nack)
    sccb_read_byte                           0x0800c809   Thumb Code    68  sccb.o(i.sccb_read_byte)
    sccb_send_byte                           0x0800c855   Thumb Code   120  sccb.o(i.sccb_send_byte)
    sccb_start                               0x0800c8d5   Thumb Code    58  sccb.o(i.sccb_start)
    sccb_stop                                0x0800c919   Thumb Code    48  sccb.o(i.sccb_stop)
    sd_init                                  0x0800c951   Thumb Code   342  sdio_sdcard.o(i.sd_init)
    sd_read_disk                             0x0800cac5   Thumb Code   128  sdio_sdcard.o(i.sd_read_disk)
    sd_write_disk                            0x0800cb4d   Thumb Code   130  sdio_sdcard.o(i.sd_write_disk)
    spi2_init                                0x0800db79   Thumb Code   174  spi.o(i.spi2_init)
    spi2_read_write_byte                     0x0800dc35   Thumb Code    46  spi.o(i.spi2_read_write_byte)
    spi2_set_speed                           0x0800dc69   Thumb Code    48  spi.o(i.spi2_set_speed)
    stdbmp_decode                            0x0800dd41   Thumb Code   724  bmp.o(i.stdbmp_decode)
    sys_clock_set                            0x0800e189   Thumb Code   164  sys.o(i.sys_clock_set)
    sys_gpio_pin_get                         0x0800e235   Thumb Code    16  sys.o(i.sys_gpio_pin_get)
    sys_gpio_pin_set                         0x0800e245   Thumb Code    24  sys.o(i.sys_gpio_pin_set)
    sys_gpio_remap_set                       0x0800e25d   Thumb Code    66  sys.o(i.sys_gpio_remap_set)
    sys_gpio_set                             0x0800e2a9   Thumb Code   234  sys.o(i.sys_gpio_set)
    sys_intx_disable                         0x0800e393   Thumb Code     4  sys.o(i.sys_intx_disable)
    sys_intx_enable                          0x0800e397   Thumb Code     4  sys.o(i.sys_intx_enable)
    sys_nvic_ex_config                       0x0800e39d   Thumb Code   272  sys.o(i.sys_nvic_ex_config)
    sys_nvic_init                            0x0800e4bd   Thumb Code   116  sys.o(i.sys_nvic_init)
    sys_nvic_set_vector_table                0x0800e55d   Thumb Code    12  sys.o(i.sys_nvic_set_vector_table)
    sys_stm32_clock_init                     0x0800e56d   Thumb Code   100  sys.o(i.sys_stm32_clock_init)
    text_show_font                           0x0800e709   Thumb Code   218  text.o(i.text_show_font)
    text_show_string                         0x0800e7e9   Thumb Code   198  text.o(i.text_show_string)
    usart_init                               0x0800e8b1   Thumb Code   180  usart.o(i.usart_init)
    usmart_cmd_rec                           0x0800e975   Thumb Code   170  usmart.o(i.usmart_cmd_rec)
    usmart_exe                               0x0800ea25   Thumb Code   632  usmart.o(i.usmart_exe)
    usmart_get_aparm                         0x0800ecf9   Thumb Code   212  usmart_str.o(i.usmart_get_aparm)
    usmart_get_cmdname                       0x0800edcd   Thumb Code    54  usmart_str.o(i.usmart_get_cmdname)
    usmart_get_fname                         0x0800ee05   Thumb Code   440  usmart_str.o(i.usmart_get_fname)
    usmart_get_fparam                        0x0800efc5   Thumb Code   262  usmart_str.o(i.usmart_get_fparam)
    usmart_get_input_string                  0x0800f0d1   Thumb Code    30  usmart_port.o(i.usmart_get_input_string)
    usmart_get_parmpos                       0x0800f0f9   Thumb Code    26  usmart_str.o(i.usmart_get_parmpos)
    usmart_init                              0x0800f119   Thumb Code    18  usmart.o(i.usmart_init)
    usmart_pow                               0x0800f131   Thumb Code    22  usmart_str.o(i.usmart_pow)
    usmart_scan                              0x0800f149   Thumb Code   106  usmart.o(i.usmart_scan)
    usmart_search_nextc                      0x0800f1f1   Thumb Code    22  usmart_str.o(i.usmart_search_nextc)
    usmart_str2num                           0x0800f207   Thumb Code   262  usmart_str.o(i.usmart_str2num)
    usmart_strcmp                            0x0800f30d   Thumb Code    34  usmart_str.o(i.usmart_strcmp)
    usmart_strcopy                           0x0800f32f   Thumb Code    22  usmart_str.o(i.usmart_strcopy)
    usmart_strlen                            0x0800f345   Thumb Code    24  usmart_str.o(i.usmart_strlen)
    usmart_sys_cmd_exe                       0x0800f35d   Thumb Code  1570  usmart.o(i.usmart_sys_cmd_exe)
    usmart_timx_get_time                     0x0800fa51   Thumb Code    56  usmart_port.o(i.usmart_timx_get_time)
    usmart_timx_init                         0x0800fa91   Thumb Code    94  usmart_port.o(i.usmart_timx_init)
    usmart_timx_reset_time                   0x0800faf9   Thumb Code    38  usmart_port.o(i.usmart_timx_reset_time)
    write_addr                               0x0800fb65   Thumb Code     4  usmart.o(i.write_addr)
    __aeabi_d2uiz                            0x0800fbf1   Thumb Code     0  dfixu.o(x$fpl$dfixu)
    _dfixu                                   0x0800fbf1   Thumb Code    90  dfixu.o(x$fpl$dfixu)
    __aeabi_ui2d                             0x0800fc4b   Thumb Code     0  dflt_clz.o(x$fpl$dfltu)
    _dfltu                                   0x0800fc4b   Thumb Code    38  dflt_clz.o(x$fpl$dfltu)
    __aeabi_dmul                             0x0800fc71   Thumb Code     0  dmul.o(x$fpl$dmul)
    _dmul                                    0x0800fc71   Thumb Code   332  dmul.o(x$fpl$dmul)
    __fpl_dnaninf                            0x0800fdc5   Thumb Code   156  dnaninf.o(x$fpl$dnaninf)
    __fpl_dretinf                            0x0800fe61   Thumb Code    12  dretinf.o(x$fpl$dretinf)
    __aeabi_fadd                             0x0800fe6d   Thumb Code     0  faddsub_clz.o(x$fpl$fadd)
    _fadd                                    0x0800fe6d   Thumb Code   196  faddsub_clz.o(x$fpl$fadd)
    __fpl_fcmp_Inf                           0x0800ff31   Thumb Code    24  fcmpi.o(x$fpl$fcmpinf)
    __aeabi_fdiv                             0x0800ff49   Thumb Code     0  fdiv.o(x$fpl$fdiv)
    _fdiv                                    0x0800ff49   Thumb Code   384  fdiv.o(x$fpl$fdiv)
    __aeabi_f2uiz                            0x080100cd   Thumb Code     0  ffixu.o(x$fpl$ffixu)
    _ffixu                                   0x080100cd   Thumb Code    62  ffixu.o(x$fpl$ffixu)
    __aeabi_ui2f                             0x0801010d   Thumb Code     0  fflt_clz.o(x$fpl$ffltu)
    _ffltu                                   0x0801010d   Thumb Code    38  fflt_clz.o(x$fpl$ffltu)
    __aeabi_cfcmple                          0x08010135   Thumb Code     0  fleqf.o(x$fpl$fleqf)
    _fcmple                                  0x08010135   Thumb Code   104  fleqf.o(x$fpl$fleqf)
    __fpl_fcmple_InfNaN                      0x08010187   Thumb Code     0  fleqf.o(x$fpl$fleqf)
    __aeabi_fmul                             0x0801019d   Thumb Code     0  fmul.o(x$fpl$fmul)
    _fmul                                    0x0801019d   Thumb Code   258  fmul.o(x$fpl$fmul)
    __fpl_fnaninf                            0x0801029f   Thumb Code   140  fnaninf.o(x$fpl$fnaninf)
    __fpl_fretinf                            0x0801032b   Thumb Code    10  fretinf.o(x$fpl$fretinf)
    __aeabi_cfrcmple                         0x08010335   Thumb Code     0  frleqf.o(x$fpl$frleqf)
    _frcmple                                 0x08010335   Thumb Code    98  frleqf.o(x$fpl$frleqf)
    __aeabi_fsub                             0x08010399   Thumb Code     0  faddsub_clz.o(x$fpl$fsub)
    _fsub                                    0x08010399   Thumb Code   234  faddsub_clz.o(x$fpl$fsub)
    __I$use$fp                               0x08010482   Number         0  usenofp.o(x$fpl$usenofp)
    asc2_1206                                0x08010482   Data        1140  lcd.o(.constdata)
    asc2_1608                                0x080108f6   Data        1520  lcd.o(.constdata)
    asc2_2412                                0x08010ee6   Data        3420  lcd.o(.constdata)
    asc2_3216                                0x08011c42   Data        6080  lcd.o(.constdata)
    ov7725_init_reg_tb1                      0x08013402   Data         130  ov7725.o(.constdata)
    memtblsize                               0x08013484   Data           8  malloc.o(.constdata)
    memblksize                               0x0801348c   Data           8  malloc.o(.constdata)
    memsize                                  0x08013494   Data           8  malloc.o(.constdata)
    FILE_TYPE_TBL                            0x080134f4   Data         196  exfuns.o(.constdata)
    _aMaskTbl                                0x08013866   Data          32  gif.o(.constdata)
    _aInterlaceOffset                        0x08013886   Data           4  gif.o(.constdata)
    _aInterlaceYPos                          0x0801388a   Data           4  gif.o(.constdata)
    Region$$Table$$Base                      0x08014094   Number         0  anon$$obj.o(Region$$Table)
    Region$$Table$$Limit                     0x080140b4   Number         0  anon$$obj.o(Region$$Table)
    g_ov7725_wwidth                          0x20000000   Data           2  main.o(.data)
    g_ov7725_wheight                         0x20000002   Data           2  main.o(.data)
    LMODE_TBL                                0x20000004   Data          24  main.o(.data)
    EFFECTS_TBL                              0x2000001c   Data          28  main.o(.data)
    __stdout                                 0x2000003c   Data           4  usart.o(.data)
    g_usart_rx_sta                           0x20000040   Data           2  usart.o(.data)
    g_point_color                            0x20000044   Data           4  lcd.o(.data)
    g_back_color                             0x20000048   Data           4  lcd.o(.data)
    g_norflash_type                          0x20000054   Data           2  norflash.o(.data)
    g_ov7725_frame                           0x20000056   Data           1  btim.o(.data)
    g_ov7725_vsta                            0x20000057   Data           1  exti.o(.data)
    g_remote_sta                             0x20000058   Data           1  remote.o(.data)
    g_remote_data                            0x2000005c   Data           4  remote.o(.data)
    g_remote_cnt                             0x20000060   Data           1  remote.o(.data)
    mallco_dev                               0x20000064   Data          28  malloc.o(.data)
    fs                                       0x2000008c   Data           8  exfuns.o(.data)
    g_gif_decoding                           0x20000094   Data           1  gif.o(.data)
    f_jpeg                                   0x20000098   Data           4  tjpgd.o(.data)
    jpeg_dev                                 0x2000009c   Data           4  tjpgd.o(.data)
    jpg_buffer                               0x200000a0   Data           4  tjpgd.o(.data)
    sys_cmd_tab                              0x200000a4   Data          28  usmart.o(.data)
    usmart_nametab                           0x200000c0   Data          64  usmart_config.o(.data)
    usmart_dev                               0x20000100   Data         244  usmart_config.o(.data)
    g_usart_rx_buf                           0x200001f4   Data         200  usart.o(.bss)
    lcddev                                   0x200002bc   Data          14  lcd.o(.bss)
    g_sd_card_info                           0x200002f0   Data          88  sdio_sdcard.o(.bss)
    g_sd_data_buffer                         0x20000348   Data         512  sdio_sdcard.o(.bss)
    g_norflash_buf                           0x20000548   Data        4096  norflash.o(.bss)
    fattester                                0x2000bf80   Data         384  fattester.o(.bss)
    ftinfo                                   0x2000c100   Data          33  fonts.o(.bss)
    picinfo                                  0x2000c124   Data          40  piclib.o(.bss)
    pic_phy                                  0x2000c14c   Data          20  piclib.o(.bss)
    __libspace_start                         0x2000c160   Data          96  libspace.o(.bss)
    __temporary_stack_top$libspace           0x2000c1c0   Data           0  libspace.o(.bss)



==============================================================================

Memory Map of the image

  Image Entry point : 0x08000131

  Load Region LR_IROM1 (Base: 0x08000000, Size: 0x000142a8, Max: 0x00080000, ABSOLUTE, COMPRESSED[0x00014168])

    Execution Region ER_IROM1 (Exec base: 0x08000000, Load base: 0x08000000, Size: 0x000140b4, Max: 0x00080000, ABSOLUTE)

    Exec Addr    Load Addr    Size         Type   Attr      Idx    E Section Name        Object

    0x08000000   0x08000000   0x00000130   Data   RO            3    RESET               startup_stm32f103xe.o
    0x08000130   0x08000130   0x00000008   Code   RO         2972  * !!!main             c_w.l(__main.o)
    0x08000138   0x08000138   0x00000034   Code   RO         3207    !!!scatter          c_w.l(__scatter.o)
    0x0800016c   0x0800016c   0x0000005a   Code   RO         3205    !!dczerorl2         c_w.l(__dczerorl2.o)
    0x080001c6   0x080001c6   0x00000002   PAD
    0x080001c8   0x080001c8   0x0000001c   Code   RO         3209    !!handler_zi        c_w.l(__scatter_zi.o)
    0x080001e4   0x080001e4   0x00000000   Code   RO         2946    .ARM.Collect$$_printf_percent$$00000000  c_w.l(_printf_percent.o)
    0x080001e4   0x080001e4   0x00000006   Code   RO         2944    .ARM.Collect$$_printf_percent$$00000009  c_w.l(_printf_d.o)
    0x080001ea   0x080001ea   0x00000006   Code   RO         2945    .ARM.Collect$$_printf_percent$$0000000A  c_w.l(_printf_u.o)
    0x080001f0   0x080001f0   0x00000006   Code   RO         2943    .ARM.Collect$$_printf_percent$$0000000C  c_w.l(_printf_x.o)
    0x080001f6   0x080001f6   0x00000006   Code   RO         2941    .ARM.Collect$$_printf_percent$$00000013  c_w.l(_printf_c.o)
    0x080001fc   0x080001fc   0x00000006   Code   RO         2942    .ARM.Collect$$_printf_percent$$00000014  c_w.l(_printf_s.o)
    0x08000202   0x08000202   0x00000004   Code   RO         3033    .ARM.Collect$$_printf_percent$$00000017  c_w.l(_printf_percent_end.o)
    0x08000206   0x08000206   0x00000002   Code   RO         3082    .ARM.Collect$$libinit$$00000000  c_w.l(libinit.o)
    0x08000208   0x08000208   0x00000000   Code   RO         3095    .ARM.Collect$$libinit$$00000002  c_w.l(libinit2.o)
    0x08000208   0x08000208   0x00000000   Code   RO         3097    .ARM.Collect$$libinit$$00000004  c_w.l(libinit2.o)
    0x08000208   0x08000208   0x00000000   Code   RO         3100    .ARM.Collect$$libinit$$0000000A  c_w.l(libinit2.o)
    0x08000208   0x08000208   0x00000000   Code   RO         3102    .ARM.Collect$$libinit$$0000000C  c_w.l(libinit2.o)
    0x08000208   0x08000208   0x00000000   Code   RO         3104    .ARM.Collect$$libinit$$0000000E  c_w.l(libinit2.o)
    0x08000208   0x08000208   0x00000000   Code   RO         3107    .ARM.Collect$$libinit$$00000011  c_w.l(libinit2.o)
    0x08000208   0x08000208   0x00000000   Code   RO         3109    .ARM.Collect$$libinit$$00000013  c_w.l(libinit2.o)
    0x08000208   0x08000208   0x00000000   Code   RO         3111    .ARM.Collect$$libinit$$00000015  c_w.l(libinit2.o)
    0x08000208   0x08000208   0x00000000   Code   RO         3113    .ARM.Collect$$libinit$$00000017  c_w.l(libinit2.o)
    0x08000208   0x08000208   0x00000000   Code   RO         3115    .ARM.Collect$$libinit$$00000019  c_w.l(libinit2.o)
    0x08000208   0x08000208   0x00000000   Code   RO         3117    .ARM.Collect$$libinit$$0000001B  c_w.l(libinit2.o)
    0x08000208   0x08000208   0x00000000   Code   RO         3119    .ARM.Collect$$libinit$$0000001D  c_w.l(libinit2.o)
    0x08000208   0x08000208   0x00000000   Code   RO         3121    .ARM.Collect$$libinit$$0000001F  c_w.l(libinit2.o)
    0x08000208   0x08000208   0x00000000   Code   RO         3123    .ARM.Collect$$libinit$$00000021  c_w.l(libinit2.o)
    0x08000208   0x08000208   0x00000000   Code   RO         3125    .ARM.Collect$$libinit$$00000023  c_w.l(libinit2.o)
    0x08000208   0x08000208   0x00000000   Code   RO         3127    .ARM.Collect$$libinit$$00000025  c_w.l(libinit2.o)
    0x08000208   0x08000208   0x00000000   Code   RO         3131    .ARM.Collect$$libinit$$0000002C  c_w.l(libinit2.o)
    0x08000208   0x08000208   0x00000000   Code   RO         3133    .ARM.Collect$$libinit$$0000002E  c_w.l(libinit2.o)
    0x08000208   0x08000208   0x00000000   Code   RO         3135    .ARM.Collect$$libinit$$00000030  c_w.l(libinit2.o)
    0x08000208   0x08000208   0x00000000   Code   RO         3137    .ARM.Collect$$libinit$$00000032  c_w.l(libinit2.o)
    0x08000208   0x08000208   0x00000002   Code   RO         3138    .ARM.Collect$$libinit$$00000033  c_w.l(libinit2.o)
    0x0800020a   0x0800020a   0x00000002   Code   RO         3162    .ARM.Collect$$libshutdown$$00000000  c_w.l(libshutdown.o)
    0x0800020c   0x0800020c   0x00000000   Code   RO         3186    .ARM.Collect$$libshutdown$$00000002  c_w.l(libshutdown2.o)
    0x0800020c   0x0800020c   0x00000000   Code   RO         3188    .ARM.Collect$$libshutdown$$00000004  c_w.l(libshutdown2.o)
    0x0800020c   0x0800020c   0x00000000   Code   RO         3190    .ARM.Collect$$libshutdown$$00000006  c_w.l(libshutdown2.o)
    0x0800020c   0x0800020c   0x00000000   Code   RO         3193    .ARM.Collect$$libshutdown$$00000009  c_w.l(libshutdown2.o)
    0x0800020c   0x0800020c   0x00000000   Code   RO         3196    .ARM.Collect$$libshutdown$$0000000C  c_w.l(libshutdown2.o)
    0x0800020c   0x0800020c   0x00000000   Code   RO         3198    .ARM.Collect$$libshutdown$$0000000E  c_w.l(libshutdown2.o)
    0x0800020c   0x0800020c   0x00000000   Code   RO         3201    .ARM.Collect$$libshutdown$$00000011  c_w.l(libshutdown2.o)
    0x0800020c   0x0800020c   0x00000002   Code   RO         3202    .ARM.Collect$$libshutdown$$00000012  c_w.l(libshutdown2.o)
    0x0800020e   0x0800020e   0x00000000   Code   RO         3016    .ARM.Collect$$rtentry$$00000000  c_w.l(__rtentry.o)
    0x0800020e   0x0800020e   0x00000000   Code   RO         3047    .ARM.Collect$$rtentry$$00000002  c_w.l(__rtentry2.o)
    0x0800020e   0x0800020e   0x00000006   Code   RO         3059    .ARM.Collect$$rtentry$$00000004  c_w.l(__rtentry4.o)
    0x08000214   0x08000214   0x00000000   Code   RO         3049    .ARM.Collect$$rtentry$$00000009  c_w.l(__rtentry2.o)
    0x08000214   0x08000214   0x00000004   Code   RO         3050    .ARM.Collect$$rtentry$$0000000A  c_w.l(__rtentry2.o)
    0x08000218   0x08000218   0x00000000   Code   RO         3052    .ARM.Collect$$rtentry$$0000000C  c_w.l(__rtentry2.o)
    0x08000218   0x08000218   0x00000008   Code   RO         3053    .ARM.Collect$$rtentry$$0000000D  c_w.l(__rtentry2.o)
    0x08000220   0x08000220   0x00000002   Code   RO         3086    .ARM.Collect$$rtexit$$00000000  c_w.l(rtexit.o)
    0x08000222   0x08000222   0x00000000   Code   RO         3140    .ARM.Collect$$rtexit$$00000002  c_w.l(rtexit2.o)
    0x08000222   0x08000222   0x00000004   Code   RO         3141    .ARM.Collect$$rtexit$$00000003  c_w.l(rtexit2.o)
    0x08000226   0x08000226   0x00000006   Code   RO         3142    .ARM.Collect$$rtexit$$00000004  c_w.l(rtexit2.o)
    0x0800022c   0x0800022c   0x00000038   Code   RO            4    .text               startup_stm32f103xe.o
    0x08000264   0x08000264   0x00000002   Code   RO         2876    .text               c_w.l(use_no_semi_2.o)
    0x08000266   0x08000266   0x000000ee   Code   RO         2878    .text               c_w.l(lludivv7m.o)
    0x08000354   0x08000354   0x00000048   Code   RO         2880    .text               c_w.l(llsdiv.o)
    0x0800039c   0x0800039c   0x00000018   Code   RO         2886    .text               c_w.l(noretval__2printf.o)
    0x080003b4   0x080003b4   0x00000028   Code   RO         2888    .text               c_w.l(noretval__2sprintf.o)
    0x080003dc   0x080003dc   0x0000004e   Code   RO         2892    .text               c_w.l(_printf_pad.o)
    0x0800042a   0x0800042a   0x00000052   Code   RO         2894    .text               c_w.l(_printf_str.o)
    0x0800047c   0x0800047c   0x00000078   Code   RO         2896    .text               c_w.l(_printf_dec.o)
    0x080004f4   0x080004f4   0x00000058   Code   RO         2903    .text               c_w.l(_printf_hex_int.o)
    0x0800054c   0x0800054c   0x00000188   Code   RO         2938    .text               c_w.l(__printf_flags_ss_wp.o)
    0x080006d4   0x080006d4   0x00000014   Code   RO         2948    .text               c_w.l(strchr.o)
    0x080006e8   0x080006e8   0x00000058   Code   RO         2950    .text               c_w.l(memcmp.o)
    0x08000740   0x08000740   0x00000048   Code   RO         2952    .text               c_w.l(strcpy.o)
    0x08000788   0x08000788   0x00000018   Code   RO         2956    .text               c_w.l(strcat.o)
    0x080007a0   0x080007a0   0x0000008a   Code   RO         2958    .text               c_w.l(rt_memcpy_v6.o)
    0x0800082a   0x0800082a   0x00000064   Code   RO         2960    .text               c_w.l(rt_memcpy_w.o)
    0x0800088e   0x0800088e   0x00000010   Code   RO         2962    .text               c_w.l(aeabi_memset.o)
    0x0800089e   0x0800089e   0x00000044   Code   RO         2964    .text               c_w.l(rt_memclr.o)
    0x080008e2   0x080008e2   0x0000004e   Code   RO         2966    .text               c_w.l(rt_memclr_w.o)
    0x08000930   0x08000930   0x00000080   Code   RO         2968    .text               c_w.l(strcmpv7m.o)
    0x080009b0   0x080009b0   0x00000006   Code   RO         2970    .text               c_w.l(heapauxi.o)
    0x080009b6   0x080009b6   0x00000002   Code   RO         3014    .text               c_w.l(use_no_semi.o)
    0x080009b8   0x080009b8   0x000000b2   Code   RO         3023    .text               c_w.l(_printf_intcommon.o)
    0x08000a6a   0x08000a6a   0x00000002   PAD
    0x08000a6c   0x08000a6c   0x00000030   Code   RO         3025    .text               c_w.l(_printf_char_common.o)
    0x08000a9c   0x08000a9c   0x0000000a   Code   RO         3027    .text               c_w.l(_sputc.o)
    0x08000aa6   0x08000aa6   0x0000002c   Code   RO         3029    .text               c_w.l(_printf_char.o)
    0x08000ad2   0x08000ad2   0x00000002   PAD
    0x08000ad4   0x08000ad4   0x00000024   Code   RO         3031    .text               c_w.l(_printf_char_file.o)
    0x08000af8   0x08000af8   0x00000008   Code   RO         3065    .text               c_w.l(ferror.o)
    0x08000b00   0x08000b00   0x0000004a   Code   RO         3069    .text               c_w.l(sys_stackheap_outer.o)
    0x08000b4a   0x08000b4a   0x00000012   Code   RO         3071    .text               c_w.l(exit.o)
    0x08000b5c   0x08000b5c   0x00000008   Code   RO         3083    .text               c_w.l(libspace.o)
    0x08000b64   0x08000b64   0x00000038   Code   RO         1040    i.EXTI0_IRQHandler  exti.o
    0x08000b9c   0x08000b9c   0x00000038   Code   RO         1041    i.EXTI3_IRQHandler  exti.o
    0x08000bd4   0x08000bd4   0x0000004c   Code   RO         1042    i.EXTI4_IRQHandler  exti.o
    0x08000c20   0x08000c20   0x0000005c   Code   RO         1043    i.EXTI9_5_IRQHandler  exti.o
    0x08000c7c   0x08000c7c   0x0000003c   Code   RO         2745    i.TIM3_IRQHandler   usmart_port.o
    0x08000cb8   0x08000cb8   0x00000198   Code   RO         1261    i.TIM4_IRQHandler   remote.o
    0x08000e50   0x08000e50   0x00000044   Code   RO         1007    i.TIM6_IRQHandler   btim.o
    0x08000e94   0x08000e94   0x00000084   Code   RO          344    i.USART1_IRQHandler  usart.o
    0x08000f18   0x08000f18   0x0000000e   Code   RO         2931    i._is_digit         c_w.l(__printf_wp.o)
    0x08000f26   0x08000f26   0x00000004   Code   RO          346    i._sys_exit         usart.o
    0x08000f2a   0x08000f2a   0x00000024   Code   RO         2526    i.alloc_pool        tjpgd.o
    0x08000f4e   0x08000f4e   0x00000002   PAD
    0x08000f50   0x08000f50   0x0000003c   Code   RO         1237    i.beep_init         beep.o
    0x08000f8c   0x08000f8c   0x000000ac   Code   RO         2527    i.bitext            tjpgd.o
    0x08001038   0x08001038   0x000002a0   Code   RO         2528    i.block_idct        tjpgd.o
    0x080012d8   0x080012d8   0x000001f0   Code   RO         2302    i.bmp_encode        bmp.o
    0x080014c8   0x080014c8   0x00000048   Code   RO         1008    i.btim_timx_int_init  btim.o
    0x08001510   0x08001510   0x00000068   Code   RO           13    i.camera_new_pathname  main.o
    0x08001578   0x08001578   0x0000008a   Code   RO         1435    i.change_bitmap     ff.o
    0x08001602   0x08001602   0x00000002   PAD
    0x08001604   0x08001604   0x00000104   Code   RO         1436    i.check_fs          ff.o
    0x08001708   0x08001708   0x00000062   Code   RO         1437    i.clmt_clust        ff.o
    0x0800176a   0x0800176a   0x0000001a   Code   RO         1438    i.clst2sect         ff.o
    0x08001784   0x08001784   0x00000098   Code   RO         1439    i.cmp_lfn           ff.o
    0x0800181c   0x0800181c   0x000001cc   Code   RO         1440    i.create_chain      ff.o
    0x080019e8   0x080019e8   0x0000024e   Code   RO         2529    i.create_huffman_tbl  tjpgd.o
    0x08001c36   0x08001c36   0x00000002   PAD
    0x08001c38   0x08001c38   0x0000025c   Code   RO         1441    i.create_name       ff.o
    0x08001e94   0x08001e94   0x00000074   Code   RO         2530    i.create_qt_tbl     tjpgd.o
    0x08001f08   0x08001f08   0x00000090   Code   RO         1443    i.create_xdir       ff.o
    0x08001f98   0x08001f98   0x00000034   Code   RO         1444    i.dbc_1st           ff.o
    0x08001fcc   0x08001fcc   0x00000048   Code   RO         1445    i.dbc_2nd           ff.o
    0x08002014   0x08002014   0x0000002c   Code   RO          190    i.delay_init        delay.o
    0x08002040   0x08002040   0x00000012   Code   RO          191    i.delay_ms          delay.o
    0x08002052   0x08002052   0x00000002   PAD
    0x08002054   0x08002054   0x00000048   Code   RO          192    i.delay_us          delay.o
    0x0800209c   0x0800209c   0x0000007c   Code   RO         1446    i.dir_alloc         ff.o
    0x08002118   0x08002118   0x000000c2   Code   RO         1447    i.dir_clear         ff.o
    0x080021da   0x080021da   0x000001a8   Code   RO         1448    i.dir_find          ff.o
    0x08002382   0x08002382   0x000000e0   Code   RO         1449    i.dir_next          ff.o
    0x08002462   0x08002462   0x00000102   Code   RO         1450    i.dir_read          ff.o
    0x08002564   0x08002564   0x0000022a   Code   RO         1451    i.dir_register      ff.o
    0x0800278e   0x0800278e   0x000000aa   Code   RO         1453    i.dir_sdi           ff.o
    0x08002838   0x08002838   0x0000002c   Code   RO         1383    i.disk_initialize   diskio.o
    0x08002864   0x08002864   0x000000b0   Code   RO         1384    i.disk_ioctl        diskio.o
    0x08002914   0x08002914   0x0000007e   Code   RO         1385    i.disk_read         diskio.o
    0x08002992   0x08002992   0x00000006   Code   RO         1386    i.disk_status       diskio.o
    0x08002998   0x08002998   0x0000007e   Code   RO         1387    i.disk_write        diskio.o
    0x08002a16   0x08002a16   0x0000001a   Code   RO         1924    i.exfuns_char_upper  exfuns.o
    0x08002a30   0x08002a30   0x000000c0   Code   RO         1926    i.exfuns_file_type  exfuns.o
    0x08002af0   0x08002af0   0x00000044   Code   RO         1931    i.exfuns_init       exfuns.o
    0x08002b34   0x08002b34   0x00000020   Code   RO         1044    i.exti_ov7725_vsync_init  exti.o
    0x08002b54   0x08002b54   0x00000026   Code   RO         1454    i.f_close           ff.o
    0x08002b7a   0x08002b7a   0x00000456   Code   RO         1459    i.f_lseek           ff.o
    0x08002fd0   0x08002fd0   0x000001a2   Code   RO         1460    i.f_mkdir           ff.o
    0x08003172   0x08003172   0x00000002   PAD
    0x08003174   0x08003174   0x00000054   Code   RO         1462    i.f_mount           ff.o
    0x080031c8   0x080031c8   0x00000312   Code   RO         1463    i.f_open            ff.o
    0x080034da   0x080034da   0x000000b8   Code   RO         1464    i.f_opendir         ff.o
    0x08003592   0x08003592   0x00000228   Code   RO         1468    i.f_read            ff.o
    0x080037ba   0x080037ba   0x00000070   Code   RO         1469    i.f_readdir         ff.o
    0x0800382a   0x0800382a   0x000001a8   Code   RO         1473    i.f_sync            ff.o
    0x080039d2   0x080039d2   0x00000284   Code   RO         1476    i.f_write           ff.o
    0x08003c56   0x08003c56   0x0000000e   Code   RO         1888    i.ff_memalloc       ffsystem.o
    0x08003c64   0x08003c64   0x0000000e   Code   RO         1889    i.ff_memfree        ffsystem.o
    0x08003c72   0x08003c72   0x00000002   PAD
    0x08003c74   0x08003c74   0x00000088   Code   RO         2172    i.ff_oem2uni        myffunicode.o
    0x08003cfc   0x08003cfc   0x00000084   Code   RO         2173    i.ff_uni2oem        myffunicode.o
    0x08003d80   0x08003d80   0x000000b0   Code   RO         2174    i.ff_wtoupper       myffunicode.o
    0x08003e30   0x08003e30   0x00000036   Code   RO         1477    i.fill_first_frag   ff.o
    0x08003e66   0x08003e66   0x00000044   Code   RO         1478    i.fill_last_frag    ff.o
    0x08003eaa   0x08003eaa   0x000000a4   Code   RO         1479    i.find_bitmap       ff.o
    0x08003f4e   0x08003f4e   0x00000078   Code   RO         1480    i.find_volume       ff.o
    0x08003fc6   0x08003fc6   0x000000c4   Code   RO         1481    i.follow_path       ff.o
    0x0800408a   0x0800408a   0x00000002   PAD
    0x0800408c   0x0800408c   0x00000040   Code   RO         2209    i.fonts_init        fonts.o
    0x080040cc   0x080040cc   0x0000001c   Code   RO          348    i.fputc             usart.o
    0x080040e8   0x080040e8   0x000000d4   Code   RO         1482    i.gen_numname       ff.o
    0x080041bc   0x080041bc   0x00000194   Code   RO         1483    i.get_fat           ff.o
    0x08004350   0x08004350   0x00000004   Code   RO         1890    i.get_fattime       ffsystem.o
    0x08004354   0x08004354   0x0000027a   Code   RO         1484    i.get_fileinfo      ff.o
    0x080045ce   0x080045ce   0x0000004e   Code   RO         1485    i.get_ldnumber      ff.o
    0x0800461c   0x0800461c   0x00000058   Code   RO         2341    i.gif_check_head    gif.o
    0x08004674   0x08004674   0x000001f4   Code   RO         2342    i.gif_clear2bkcolor  gif.o
    0x08004868   0x08004868   0x0000012c   Code   RO         2343    i.gif_decode        gif.o
    0x08004994   0x08004994   0x00000218   Code   RO         2344    i.gif_dispimage     gif.o
    0x08004bac   0x08004bac   0x00000158   Code   RO         2345    i.gif_drawimage     gif.o
    0x08004d04   0x08004d04   0x00000068   Code   RO         2346    i.gif_getdatablock  gif.o
    0x08004d6c   0x08004d6c   0x00000046   Code   RO         2347    i.gif_getinfo       gif.o
    0x08004db2   0x08004db2   0x00000358   Code   RO         2348    i.gif_getnextbyte   gif.o
    0x0800510a   0x0800510a   0x00000002   PAD
    0x0800510c   0x0800510c   0x000001c8   Code   RO         2349    i.gif_getnextcode   gif.o
    0x080052d4   0x080052d4   0x0000001c   Code   RO         2350    i.gif_getrgb565     gif.o
    0x080052f0   0x080052f0   0x00000098   Code   RO         2351    i.gif_initlzw       gif.o
    0x08005388   0x08005388   0x00000040   Code   RO         2353    i.gif_readcolortbl  gif.o
    0x080053c8   0x080053c8   0x000000a0   Code   RO         2354    i.gif_readextension  gif.o
    0x08005468   0x08005468   0x00000026   Code   RO         2355    i.gif_recovergctbl  gif.o
    0x0800548e   0x0800548e   0x00000026   Code   RO         2356    i.gif_savegctbl     gif.o
    0x080054b4   0x080054b4   0x00000194   Code   RO         2531    i.huffext           tjpgd.o
    0x08005648   0x08005648   0x00000032   Code   RO         1486    i.init_alloc_info   ff.o
    0x0800567a   0x0800567a   0x000000a2   Code   RO         2532    i.jd_decomp         tjpgd.o
    0x0800571c   0x0800571c   0x0000035e   Code   RO         2533    i.jd_prepare        tjpgd.o
    0x08005a7a   0x08005a7a   0x00000002   PAD
    0x08005a7c   0x08005a7c   0x00000028   Code   RO         2534    i.jpeg_freeall      tjpgd.o
    0x08005aa4   0x08005aa4   0x00000040   Code   RO         2535    i.jpeg_in_func      tjpgd.o
    0x08005ae4   0x08005ae4   0x00000054   Code   RO         2536    i.jpeg_mallocall    tjpgd.o
    0x08005b38   0x08005b38   0x00000054   Code   RO         2537    i.jpeg_out_func_fill  tjpgd.o
    0x08005b8c   0x08005b8c   0x000000c0   Code   RO         2538    i.jpeg_out_func_point  tjpgd.o
    0x08005c4c   0x08005c4c   0x00000104   Code   RO         2539    i.jpg_decode        tjpgd.o
    0x08005d50   0x08005d50   0x00000074   Code   RO          685    i.key_init          key.o
    0x08005dc4   0x08005dc4   0x00000034   Code   RO          433    i.lcd_clear         lcd.o
    0x08005df8   0x08005df8   0x00000060   Code   RO          434    i.lcd_color_fill    lcd.o
    0x08005e58   0x08005e58   0x0000016c   Code   RO          435    i.lcd_display_dir   lcd.o
    0x08005fc4   0x08005fc4   0x00000038   Code   RO          439    i.lcd_draw_hline    lcd.o
    0x08005ffc   0x08005ffc   0x00000020   Code   RO          441    i.lcd_draw_point    lcd.o
    0x0800601c   0x0800601c   0x0000022c   Code   RO          443    i.lcd_ex_ili9341_reginit  lcd.o
    0x08006248   0x08006248   0x00000340   Code   RO          444    i.lcd_ex_ili9806_reginit  lcd.o
    0x08006588   0x08006588   0x00000ef2   Code   RO          445    i.lcd_ex_nt35310_reginit  lcd.o
    0x0800747a   0x0800747a   0x00000efc   Code   RO          446    i.lcd_ex_nt35510_reginit  lcd.o
    0x08008376   0x08008376   0x0000016e   Code   RO          447    i.lcd_ex_ssd1963_reginit  lcd.o
    0x080084e4   0x080084e4   0x000001a8   Code   RO          448    i.lcd_ex_st7789_reginit  lcd.o
    0x0800868c   0x0800868c   0x000001c6   Code   RO          449    i.lcd_ex_st7796_reginit  lcd.o
    0x08008852   0x08008852   0x00000002   PAD
    0x08008854   0x08008854   0x00000054   Code   RO          450    i.lcd_fill          lcd.o
    0x080088a8   0x080088a8   0x0000048c   Code   RO          452    i.lcd_init          lcd.o
    0x08008d34   0x08008d34   0x0000000c   Code   RO          453    i.lcd_opt_delay     lcd.o
    0x08008d40   0x08008d40   0x00000018   Code   RO          455    i.lcd_rd_data       lcd.o
    0x08008d58   0x08008d58   0x00000098   Code   RO          456    i.lcd_read_point    lcd.o
    0x08008df0   0x08008df0   0x0000023c   Code   RO          457    i.lcd_scan_dir      lcd.o
    0x0800902c   0x0800902c   0x00000120   Code   RO          458    i.lcd_set_cursor    lcd.o
    0x0800914c   0x0800914c   0x00000170   Code   RO          459    i.lcd_set_window    lcd.o
    0x080092bc   0x080092bc   0x00000140   Code   RO          460    i.lcd_show_char     lcd.o
    0x080093fc   0x080093fc   0x0000006a   Code   RO          462    i.lcd_show_string   lcd.o
    0x08009466   0x08009466   0x00000002   PAD
    0x08009468   0x08009468   0x00000054   Code   RO          464    i.lcd_ssd_backlight_set  lcd.o
    0x080094bc   0x080094bc   0x00000018   Code   RO          465    i.lcd_wr_data       lcd.o
    0x080094d4   0x080094d4   0x00000018   Code   RO          466    i.lcd_wr_regno      lcd.o
    0x080094ec   0x080094ec   0x00000014   Code   RO          467    i.lcd_write_ram_prepare  lcd.o
    0x08009500   0x08009500   0x00000010   Code   RO          468    i.lcd_write_reg     lcd.o
    0x08009510   0x08009510   0x00000026   Code   RO         1487    i.ld_clust          ff.o
    0x08009536   0x08009536   0x00000018   Code   RO         1488    i.ld_dword          ff.o
    0x0800954e   0x0800954e   0x00000062   Code   RO         1489    i.ld_qword          ff.o
    0x080095b0   0x080095b0   0x0000000c   Code   RO         1490    i.ld_word           ff.o
    0x080095bc   0x080095bc   0x00000068   Code   RO          409    i.led_init          led.o
    0x08009624   0x08009624   0x00000040   Code   RO         1491    i.load_obj_xdir     ff.o
    0x08009664   0x08009664   0x0000010e   Code   RO         1492    i.load_xdir         ff.o
    0x08009772   0x08009772   0x00000002   PAD
    0x08009774   0x08009774   0x00000b18   Code   RO           14    i.main              main.o
    0x0800a28c   0x0800a28c   0x000001cc   Code   RO         2541    i.mcu_load          tjpgd.o
    0x0800a458   0x0800a458   0x0000039c   Code   RO         2542    i.mcu_output        tjpgd.o
    0x0800a7f4   0x0800a7f4   0x00000020   Code   RO         2006    i.mf_free           fattester.o
    0x0800a814   0x0800a814   0x00000040   Code   RO         2009    i.mf_init           fattester.o
    0x0800a854   0x0800a854   0x00000064   Code   RO         2020    i.mf_scan_files     fattester.o
    0x0800a8b8   0x0800a8b8   0x000003d8   Code   RO         2303    i.minibmp_decode    bmp.o
    0x0800ac90   0x0800ac90   0x00000474   Code   RO         1493    i.mount_volume      ff.o
    0x0800b104   0x0800b104   0x00000034   Code   RO         1494    i.move_window       ff.o
    0x0800b138   0x0800b138   0x0000006c   Code   RO         1304    i.my_mem_free       malloc.o
    0x0800b1a4   0x0800b1a4   0x00000030   Code   RO         1305    i.my_mem_init       malloc.o
    0x0800b1d4   0x0800b1d4   0x000000a8   Code   RO         1306    i.my_mem_malloc     malloc.o
    0x0800b27c   0x0800b27c   0x00000040   Code   RO         1307    i.my_mem_perused    malloc.o
    0x0800b2bc   0x0800b2bc   0x00000014   Code   RO         1308    i.my_mem_set        malloc.o
    0x0800b2d0   0x0800b2d0   0x00000024   Code   RO         1309    i.myfree            malloc.o
    0x0800b2f4   0x0800b2f4   0x00000028   Code   RO         1310    i.mymalloc          malloc.o
    0x0800b31c   0x0800b31c   0x0000003c   Code   RO          912    i.norflash_erase_sector  norflash.o
    0x0800b358   0x0800b358   0x00000098   Code   RO          913    i.norflash_init     norflash.o
    0x0800b3f0   0x0800b3f0   0x00000048   Code   RO          914    i.norflash_read     norflash.o
    0x0800b438   0x0800b438   0x00000048   Code   RO          915    i.norflash_read_id  norflash.o
    0x0800b480   0x0800b480   0x00000054   Code   RO          916    i.norflash_read_sr  norflash.o
    0x0800b4d4   0x0800b4d4   0x00000034   Code   RO          917    i.norflash_send_address  norflash.o
    0x0800b508   0x0800b508   0x00000014   Code   RO          918    i.norflash_wait_busy  norflash.o
    0x0800b51c   0x0800b51c   0x000000b8   Code   RO          919    i.norflash_write    norflash.o
    0x0800b5d4   0x0800b5d4   0x00000024   Code   RO          920    i.norflash_write_enable  norflash.o
    0x0800b5f8   0x0800b5f8   0x00000046   Code   RO          921    i.norflash_write_nocheck  norflash.o
    0x0800b63e   0x0800b63e   0x00000002   PAD
    0x0800b640   0x0800b640   0x00000050   Code   RO          922    i.norflash_write_page  norflash.o
    0x0800b690   0x0800b690   0x00000050   Code   RO          923    i.norflash_write_sr  norflash.o
    0x0800b6e0   0x0800b6e0   0x00000060   Code   RO         1097    i.ov7725_brightness  ov7725.o
    0x0800b740   0x0800b740   0x00000100   Code   RO           15    i.ov7725_camera_refresh  main.o
    0x0800b840   0x0800b840   0x0000001a   Code   RO         1098    i.ov7725_color_saturation  ov7725.o
    0x0800b85a   0x0800b85a   0x00000018   Code   RO         1099    i.ov7725_contrast   ov7725.o
    0x0800b872   0x0800b872   0x00000002   PAD
    0x0800b874   0x0800b874   0x000001fc   Code   RO         1100    i.ov7725_init       ov7725.o
    0x0800ba70   0x0800ba70   0x00000112   Code   RO         1101    i.ov7725_light_mode  ov7725.o
    0x0800bb82   0x0800bb82   0x00000036   Code   RO         1102    i.ov7725_read_reg   ov7725.o
    0x0800bbb8   0x0800bbb8   0x000000be   Code   RO         1103    i.ov7725_special_effects  ov7725.o
    0x0800bc76   0x0800bc76   0x0000016a   Code   RO         1104    i.ov7725_window_set  ov7725.o
    0x0800bde0   0x0800bde0   0x00000032   Code   RO         1105    i.ov7725_write_reg  ov7725.o
    0x0800be12   0x0800be12   0x0000005e   Code   RO           16    i.pic_get_tnum      main.o
    0x0800be70   0x0800be70   0x0000008c   Code   RO         1495    i.pick_lfn          ff.o
    0x0800befc   0x0800befc   0x0000010c   Code   RO         2455    i.piclib_ai_draw_init  piclib.o
    0x0800c008   0x0800c008   0x000000d0   Code   RO         2456    i.piclib_ai_load_picfile  piclib.o
    0x0800c0d8   0x0800c0d8   0x00000030   Code   RO         2457    i.piclib_alpha_blend  piclib.o
    0x0800c108   0x0800c108   0x0000002c   Code   RO         2458    i.piclib_fill_color  piclib.o
    0x0800c134   0x0800c134   0x0000005c   Code   RO         2459    i.piclib_init       piclib.o
    0x0800c190   0x0800c190   0x00000028   Code   RO         2511    i.piclib_is_element_ok  piclib.o
    0x0800c1b8   0x0800c1b8   0x0000000e   Code   RO         2460    i.piclib_mem_free   piclib.o
    0x0800c1c6   0x0800c1c6   0x0000000e   Code   RO         2461    i.piclib_mem_malloc  piclib.o
    0x0800c1d4   0x0800c1d4   0x00000144   Code   RO         1496    i.put_fat           ff.o
    0x0800c318   0x0800c318   0x00000080   Code   RO         1497    i.put_lfn           ff.o
    0x0800c398   0x0800c398   0x00000042   Code   RO         1498    i.put_utf           ff.o
    0x0800c3da   0x0800c3da   0x00000006   Code   RO         2653    i.read_addr         usmart.o
    0x0800c3e0   0x0800c3e0   0x00000154   Code   RO         1262    i.remote_init       remote.o
    0x0800c534   0x0800c534   0x00000068   Code   RO         1263    i.remote_scan       remote.o
    0x0800c59c   0x0800c59c   0x0000014a   Code   RO         1502    i.remove_chain      ff.o
    0x0800c6e6   0x0800c6e6   0x00000088   Code   RO         2543    i.restart           tjpgd.o
    0x0800c76e   0x0800c76e   0x0000000a   Code   RO         1178    i.sccb_delay        sccb.o
    0x0800c778   0x0800c778   0x00000058   Code   RO         1179    i.sccb_init         sccb.o
    0x0800c7d0   0x0800c7d0   0x00000038   Code   RO         1180    i.sccb_nack         sccb.o
    0x0800c808   0x0800c808   0x0000004c   Code   RO         1181    i.sccb_read_byte    sccb.o
    0x0800c854   0x0800c854   0x00000080   Code   RO         1182    i.sccb_send_byte    sccb.o
    0x0800c8d4   0x0800c8d4   0x00000044   Code   RO         1183    i.sccb_start        sccb.o
    0x0800c918   0x0800c918   0x00000038   Code   RO         1184    i.sccb_stop         sccb.o
    0x0800c950   0x0800c950   0x00000174   Code   RO          716    i.sd_init           sdio_sdcard.o
    0x0800cac4   0x0800cac4   0x00000088   Code   RO          717    i.sd_read_disk      sdio_sdcard.o
    0x0800cb4c   0x0800cb4c   0x0000008c   Code   RO          718    i.sd_write_disk     sdio_sdcard.o
    0x0800cbd8   0x0800cbd8   0x00000014   Code   RO          719    i.sdmmc_clock_set   sdio_sdcard.o
    0x0800cbec   0x0800cbec   0x00000038   Code   RO          720    i.sdmmc_cmd_error   sdio_sdcard.o
    0x0800cc24   0x0800cc24   0x00000070   Code   RO          721    i.sdmmc_cmd_resp1_error  sdio_sdcard.o
    0x0800cc94   0x0800cc94   0x00000060   Code   RO          722    i.sdmmc_cmd_resp2_error  sdio_sdcard.o
    0x0800ccf4   0x0800ccf4   0x00000048   Code   RO          723    i.sdmmc_cmd_resp3_error  sdio_sdcard.o
    0x0800cd3c   0x0800cd3c   0x000000a0   Code   RO          724    i.sdmmc_cmd_resp6_error  sdio_sdcard.o
    0x0800cddc   0x0800cddc   0x00000054   Code   RO          725    i.sdmmc_cmd_resp7_error  sdio_sdcard.o
    0x0800ce30   0x0800ce30   0x00000130   Code   RO          726    i.sdmmc_find_scr    sdio_sdcard.o
    0x0800cf60   0x0800cf60   0x00000310   Code   RO          727    i.sdmmc_get_card_info  sdio_sdcard.o
    0x0800d270   0x0800d270   0x00000104   Code   RO          729    i.sdmmc_initialize_cards  sdio_sdcard.o
    0x0800d374   0x0800d374   0x00000090   Code   RO          730    i.sdmmc_is_card_programming  sdio_sdcard.o
    0x0800d404   0x0800d404   0x00000168   Code   RO          731    i.sdmmc_power_on    sdio_sdcard.o
    0x0800d56c   0x0800d56c   0x000001c8   Code   RO          732    i.sdmmc_read_blocks  sdio_sdcard.o
    0x0800d734   0x0800d734   0x00000016   Code   RO          733    i.sdmmc_select_deselect  sdio_sdcard.o
    0x0800d74a   0x0800d74a   0x00000002   PAD
    0x0800d74c   0x0800d74c   0x00000024   Code   RO          734    i.sdmmc_send_cmd    sdio_sdcard.o
    0x0800d770   0x0800d770   0x00000034   Code   RO          735    i.sdmmc_send_data_cfg  sdio_sdcard.o
    0x0800d7a4   0x0800d7a4   0x00000080   Code   RO          737    i.sdmmc_wide_bus_enable  sdio_sdcard.o
    0x0800d824   0x0800d824   0x00000060   Code   RO          738    i.sdmmc_wide_bus_operation  sdio_sdcard.o
    0x0800d884   0x0800d884   0x000002f4   Code   RO          739    i.sdmmc_write_blocks  sdio_sdcard.o
    0x0800db78   0x0800db78   0x000000bc   Code   RO          872    i.spi2_init         spi.o
    0x0800dc34   0x0800dc34   0x00000034   Code   RO          873    i.spi2_read_write_byte  spi.o
    0x0800dc68   0x0800dc68   0x00000034   Code   RO          874    i.spi2_set_speed    spi.o
    0x0800dc9c   0x0800dc9c   0x00000024   Code   RO         1503    i.st_clust          ff.o
    0x0800dcc0   0x0800dcc0   0x00000018   Code   RO         1504    i.st_dword          ff.o
    0x0800dcd8   0x0800dcd8   0x0000005c   Code   RO         1505    i.st_qword          ff.o
    0x0800dd34   0x0800dd34   0x0000000c   Code   RO         1506    i.st_word           ff.o
    0x0800dd40   0x0800dd40   0x000002dc   Code   RO         2304    i.stdbmp_decode     bmp.o
    0x0800e01c   0x0800e01c   0x00000072   Code   RO         1507    i.store_xdir        ff.o
    0x0800e08e   0x0800e08e   0x00000020   Code   RO         1508    i.sum_sfn           ff.o
    0x0800e0ae   0x0800e0ae   0x00000002   PAD
    0x0800e0b0   0x0800e0b0   0x0000008c   Code   RO         1509    i.sync_fs           ff.o
    0x0800e13c   0x0800e13c   0x0000004a   Code   RO         1510    i.sync_window       ff.o
    0x0800e186   0x0800e186   0x00000002   PAD
    0x0800e188   0x0800e188   0x000000ac   Code   RO          228    i.sys_clock_set     sys.o
    0x0800e234   0x0800e234   0x00000010   Code   RO          229    i.sys_gpio_pin_get  sys.o
    0x0800e244   0x0800e244   0x00000018   Code   RO          230    i.sys_gpio_pin_set  sys.o
    0x0800e25c   0x0800e25c   0x0000004c   Code   RO          231    i.sys_gpio_remap_set  sys.o
    0x0800e2a8   0x0800e2a8   0x000000ea   Code   RO          232    i.sys_gpio_set      sys.o
    0x0800e392   0x0800e392   0x00000004   Code   RO          233    i.sys_intx_disable  sys.o
    0x0800e396   0x0800e396   0x00000004   Code   RO          234    i.sys_intx_enable   sys.o
    0x0800e39a   0x0800e39a   0x00000002   PAD
    0x0800e39c   0x0800e39c   0x00000120   Code   RO          236    i.sys_nvic_ex_config  sys.o
    0x0800e4bc   0x0800e4bc   0x00000078   Code   RO          237    i.sys_nvic_init     sys.o
    0x0800e534   0x0800e534   0x00000028   Code   RO          238    i.sys_nvic_priority_group_config  sys.o
    0x0800e55c   0x0800e55c   0x00000010   Code   RO          239    i.sys_nvic_set_vector_table  sys.o
    0x0800e56c   0x0800e56c   0x00000070   Code   RO          242    i.sys_stm32_clock_init  sys.o
    0x0800e5dc   0x0800e5dc   0x0000004c   Code   RO         1511    i.tchar2uni         ff.o
    0x0800e628   0x0800e628   0x000000e0   Code   RO         2261    i.text_get_hz_mat   text.o
    0x0800e708   0x0800e708   0x000000e0   Code   RO         2262    i.text_show_font    text.o
    0x0800e7e8   0x0800e7e8   0x000000c6   Code   RO         2263    i.text_show_string  text.o
    0x0800e8ae   0x0800e8ae   0x00000002   PAD
    0x0800e8b0   0x0800e8b0   0x000000c4   Code   RO          349    i.usart_init        usart.o
    0x0800e974   0x0800e974   0x000000b0   Code   RO         2654    i.usmart_cmd_rec    usmart.o
    0x0800ea24   0x0800ea24   0x000002d4   Code   RO         2655    i.usmart_exe        usmart.o
    0x0800ecf8   0x0800ecf8   0x000000d4   Code   RO         2793    i.usmart_get_aparm  usmart_str.o
    0x0800edcc   0x0800edcc   0x00000036   Code   RO         2794    i.usmart_get_cmdname  usmart_str.o
    0x0800ee02   0x0800ee02   0x00000002   PAD
    0x0800ee04   0x0800ee04   0x000001c0   Code   RO         2795    i.usmart_get_fname  usmart_str.o
    0x0800efc4   0x0800efc4   0x0000010c   Code   RO         2796    i.usmart_get_fparam  usmart_str.o
    0x0800f0d0   0x0800f0d0   0x00000028   Code   RO         2746    i.usmart_get_input_string  usmart_port.o
    0x0800f0f8   0x0800f0f8   0x00000020   Code   RO         2797    i.usmart_get_parmpos  usmart_str.o
    0x0800f118   0x0800f118   0x00000018   Code   RO         2656    i.usmart_init       usmart.o
    0x0800f130   0x0800f130   0x00000016   Code   RO         2798    i.usmart_pow        usmart_str.o
    0x0800f146   0x0800f146   0x00000002   PAD
    0x0800f148   0x0800f148   0x000000a8   Code   RO         2657    i.usmart_scan       usmart.o
    0x0800f1f0   0x0800f1f0   0x00000016   Code   RO         2799    i.usmart_search_nextc  usmart_str.o
    0x0800f206   0x0800f206   0x00000106   Code   RO         2800    i.usmart_str2num    usmart_str.o
    0x0800f30c   0x0800f30c   0x00000022   Code   RO         2801    i.usmart_strcmp     usmart_str.o
    0x0800f32e   0x0800f32e   0x00000016   Code   RO         2802    i.usmart_strcopy    usmart_str.o
    0x0800f344   0x0800f344   0x00000018   Code   RO         2803    i.usmart_strlen     usmart_str.o
    0x0800f35c   0x0800f35c   0x000006f4   Code   RO         2658    i.usmart_sys_cmd_exe  usmart.o
    0x0800fa50   0x0800fa50   0x00000040   Code   RO         2747    i.usmart_timx_get_time  usmart_port.o
    0x0800fa90   0x0800fa90   0x00000068   Code   RO         2748    i.usmart_timx_init  usmart_port.o
    0x0800faf8   0x0800faf8   0x00000030   Code   RO         2749    i.usmart_timx_reset_time  usmart_port.o
    0x0800fb28   0x0800fb28   0x0000003c   Code   RO         1512    i.validate          ff.o
    0x0800fb64   0x0800fb64   0x00000004   Code   RO         2659    i.write_addr        usmart.o
    0x0800fb68   0x0800fb68   0x0000003a   Code   RO         1513    i.xdir_sum          ff.o
    0x0800fba2   0x0800fba2   0x0000004c   Code   RO         1514    i.xname_sum         ff.o
    0x0800fbee   0x0800fbee   0x00000002   PAD
    0x0800fbf0   0x0800fbf0   0x0000005a   Code   RO         2974    x$fpl$dfixu         fz_ws.l(dfixu.o)
    0x0800fc4a   0x0800fc4a   0x00000026   Code   RO         2978    x$fpl$dfltu         fz_ws.l(dflt_clz.o)
    0x0800fc70   0x0800fc70   0x00000154   Code   RO         2984    x$fpl$dmul          fz_ws.l(dmul.o)
    0x0800fdc4   0x0800fdc4   0x0000009c   Code   RO         3035    x$fpl$dnaninf       fz_ws.l(dnaninf.o)
    0x0800fe60   0x0800fe60   0x0000000c   Code   RO         3037    x$fpl$dretinf       fz_ws.l(dretinf.o)
    0x0800fe6c   0x0800fe6c   0x000000c4   Code   RO         2986    x$fpl$fadd          fz_ws.l(faddsub_clz.o)
    0x0800ff30   0x0800ff30   0x00000018   Code   RO         3039    x$fpl$fcmpinf       fz_ws.l(fcmpi.o)
    0x0800ff48   0x0800ff48   0x00000184   Code   RO         2993    x$fpl$fdiv          fz_ws.l(fdiv.o)
    0x080100cc   0x080100cc   0x0000003e   Code   RO         2998    x$fpl$ffixu         fz_ws.l(ffixu.o)
    0x0801010a   0x0801010a   0x00000002   PAD
    0x0801010c   0x0801010c   0x00000026   Code   RO         3002    x$fpl$ffltu         fz_ws.l(fflt_clz.o)
    0x08010132   0x08010132   0x00000002   PAD
    0x08010134   0x08010134   0x00000068   Code   RO         3008    x$fpl$fleqf         fz_ws.l(fleqf.o)
    0x0801019c   0x0801019c   0x00000102   Code   RO         3010    x$fpl$fmul          fz_ws.l(fmul.o)
    0x0801029e   0x0801029e   0x0000008c   Code   RO         3041    x$fpl$fnaninf       fz_ws.l(fnaninf.o)
    0x0801032a   0x0801032a   0x0000000a   Code   RO         3043    x$fpl$fretinf       fz_ws.l(fretinf.o)
    0x08010334   0x08010334   0x00000062   Code   RO         3012    x$fpl$frleqf        fz_ws.l(frleqf.o)
    0x08010396   0x08010396   0x00000002   PAD
    0x08010398   0x08010398   0x000000ea   Code   RO         2988    x$fpl$fsub          fz_ws.l(faddsub_clz.o)
    0x08010482   0x08010482   0x00000000   Code   RO         3045    x$fpl$usenofp       fz_ws.l(usenofp.o)
    0x08010482   0x08010482   0x00002f80   Data   RO          470    .constdata          lcd.o
    0x08013402   0x08013402   0x00000082   Data   RO         1106    .constdata          ov7725.o
    0x08013484   0x08013484   0x00000018   Data   RO         1315    .constdata          malloc.o
    0x0801349c   0x0801349c   0x00000058   Data   RO         1516    .constdata          ff.o
    0x080134f4   0x080134f4   0x000000c4   Data   RO         1932    .constdata          exfuns.o
    0x080135b8   0x080135b8   0x000002ae   Data   RO         2175    .constdata          myffunicode.o
    0x08013866   0x08013866   0x00000028   Data   RO         2357    .constdata          gif.o
    0x0801388e   0x0801388e   0x000004c0   Data   RO         2544    .constdata          tjpgd.o
    0x08013d4e   0x08013d4e   0x00000028   Data   RO         2904    .constdata          c_w.l(_printf_hex_int.o)
    0x08013d76   0x08013d76   0x00000011   Data   RO         2939    .constdata          c_w.l(__printf_flags_ss_wp.o)
    0x08013d87   0x08013d87   0x00000001   PAD
    0x08013d88   0x08013d88   0x0000006a   Data   RO           17    .conststring        main.o
    0x08013df2   0x08013df2   0x00000002   PAD
    0x08013df4   0x08013df4   0x00000054   Data   RO         1933    .conststring        exfuns.o
    0x08013e48   0x08013e48   0x00000028   Data   RO         2660    .conststring        usmart.o
    0x08013e70   0x08013e70   0x00000223   Data   RO         2720    .conststring        usmart_config.o
    0x08014093   0x08014093   0x00000001   PAD
    0x08014094   0x08014094   0x00000020   Data   RO         3203    Region$$Table       anon$$obj.o


    Execution Region RW_IRAM1 (Exec base: 0x20000000, Load base: 0x080140b4, Size: 0x0000c7c0, Max: 0x00010000, ABSOLUTE, COMPRESSED[0x000000b4])

    Exec Addr    Load Addr    Size         Type   Attr      Idx    E Section Name        Object

    0x20000000   COMPRESSED   0x00000038   Data   RW           18    .data               main.o
    0x20000038   COMPRESSED   0x00000004   Data   RW          193    .data               delay.o
    0x2000003c   COMPRESSED   0x00000006   Data   RW          351    .data               usart.o
    0x20000042   COMPRESSED   0x00000002   PAD
    0x20000044   COMPRESSED   0x00000008   Data   RW          471    .data               lcd.o
    0x2000004c   COMPRESSED   0x00000008   Data   RW          741    .data               sdio_sdcard.o
    0x20000054   COMPRESSED   0x00000002   Data   RW          925    .data               norflash.o
    0x20000056   COMPRESSED   0x00000001   Data   RW         1009    .data               btim.o
    0x20000057   COMPRESSED   0x00000001   Data   RW         1046    .data               exti.o
    0x20000058   COMPRESSED   0x00000009   Data   RW         1264    .data               remote.o
    0x20000061   COMPRESSED   0x00000003   PAD
    0x20000064   COMPRESSED   0x0000001c   Data   RW         1316    .data               malloc.o
    0x20000080   COMPRESSED   0x0000000a   Data   RW         1517    .data               ff.o
    0x2000008a   COMPRESSED   0x00000002   PAD
    0x2000008c   COMPRESSED   0x00000008   Data   RW         1934    .data               exfuns.o
    0x20000094   COMPRESSED   0x00000001   Data   RW         2358    .data               gif.o
    0x20000095   COMPRESSED   0x00000003   PAD
    0x20000098   COMPRESSED   0x0000000c   Data   RW         2545    .data               tjpgd.o
    0x200000a4   COMPRESSED   0x0000001c   Data   RW         2661    .data               usmart.o
    0x200000c0   COMPRESSED   0x00000134   Data   RW         2721    .data               usmart_config.o
    0x200001f4        -       0x000000c8   Zero   RW          350    .bss                usart.o
    0x200002bc        -       0x0000000e   Zero   RW          469    .bss                lcd.o
    0x200002ca   COMPRESSED   0x00000006   PAD
    0x200002d0        -       0x00000278   Zero   RW          740    .bss                sdio_sdcard.o
    0x20000548        -       0x00001000   Zero   RW          924    .bss                norflash.o
    0x20001548   COMPRESSED   0x00000038   PAD
    0x20001580        -       0x0000aa00   Zero   RW         1314    .bss                malloc.o
    0x2000bf80        -       0x00000180   Zero   RW         2027    .bss                fattester.o
    0x2000c100        -       0x00000021   Zero   RW         2213    .bss                fonts.o
    0x2000c121   COMPRESSED   0x00000003   PAD
    0x2000c124        -       0x0000003c   Zero   RW         2462    .bss                piclib.o
    0x2000c160        -       0x00000060   Zero   RW         3084    .bss                c_w.l(libspace.o)
    0x2000c1c0        -       0x00000200   Zero   RW            2    HEAP                startup_stm32f103xe.o
    0x2000c3c0        -       0x00000400   Zero   RW            1    STACK               startup_stm32f103xe.o



  Load Region LR$$.ARM.__AT_0x68000000 (Base: 0x68000000, Size: 0x00000000, Max: 0x00000020, ABSOLUTE)

    Execution Region ER$$.ARM.__AT_0x68000000 (Exec base: 0x68000000, Load base: 0x68000000, Size: 0x00000020, Max: 0x00000020, ABSOLUTE, UNINIT)

    Exec Addr    Load Addr    Size         Type   Attr      Idx    E Section Name        Object

    0x68000000        -       0x00000020   Zero   RW         1312    .ARM.__AT_0x68000000  malloc.o



  Load Region LR$$.ARM.__AT_0x68000020 (Base: 0x68000020, Size: 0x00000000, Max: 0x00000004, ABSOLUTE)

    Execution Region ER$$.ARM.__AT_0x68000020 (Exec base: 0x68000020, Load base: 0x68000020, Size: 0x00000004, Max: 0x00000004, ABSOLUTE, UNINIT)

    Exec Addr    Load Addr    Size         Type   Attr      Idx    E Section Name        Object

    0x68000020        -       0x00000002   Zero   RW         1313    .ARM.__AT_0x68000020  malloc.o


==============================================================================

Image component sizes


      Code (inc. data)   RO Data    RW Data    ZI Data      Debug   Object Name

        60         10          0          0          0        468   beep.o
      2212         26          0          0          0       7286   bmp.o
       140         36          0          1          0       1340   btim.o
       134         10          0          4          0       1895   delay.o
       478          6          0          0          0       5266   diskio.o
       286         10        280          8          0       3140   exfuns.o
       312         62          0          1          0       2731   exti.o
       196         38          0          0        384       3000   fattester.o
     13766        110         88         10          0      78737   ff.o
        32          0          0          0          0       1601   ffsystem.o
        64          4          0          0         33       2166   fonts.o
      3734         24         40          1          0      14824   gif.o
       116         14          0          0          0        475   key.o
     14152        184      12160          8         14      26837   lcd.o
       104         14          0          0          0        475   led.o
      3294        544        106         56          0     402884   main.o
       484         54         24         28      43554       6311   malloc.o
       444         32        686          0          0       2900   myffunicode.o
       962         56          0          2       4096       8172   norflash.o
      1584         78        130          0          0       8666   ov7725.o
       728         62          0          0         60       6981   piclib.o
       852         48          0          9          0       2224   remote.o
       482         58          0          0          0       3631   sccb.o
      4646        266          0          8        632      27223   sdio_sdcard.o
       292         24          0          0          0       1596   spi.o
        56         22        304          0       1536        924   startup_stm32f103xe.o
      1106         62          0          0          0       7767   sys.o
       646         10          0          0          0       3612   text.o
      5258        122       1216         12          0      19183   tjpgd.o
       360         34          0          6        200       4177   usart.o
      2882       1310         40         28          0       5854   usmart.o
         0          0        547        308          0       1632   usmart_config.o
       316         48          0          0          0       2647   usmart_port.o
      1400         20          0          0          0       9133   usmart_str.o

    ----------------------------------------------------------------------
     61622       3398      15656        500      50576     675758   Object Totals
         0          0         32          0          0          0   (incl. Generated)
        44          0          3         10         67          0   (incl. Padding)

    ----------------------------------------------------------------------

      Code (inc. data)   RO Data    RW Data    ZI Data      Debug   Library Member Name

        90          0          0          0          0          0   __dczerorl2.o
         8          0          0          0          0         68   __main.o
       392          4         17          0          0         92   __printf_flags_ss_wp.o
        14          0          0          0          0         68   __printf_wp.o
         0          0          0          0          0          0   __rtentry.o
        12          0          0          0          0          0   __rtentry2.o
         6          0          0          0          0          0   __rtentry4.o
        52          8          0          0          0          0   __scatter.o
        28          0          0          0          0          0   __scatter_zi.o
         6          0          0          0          0          0   _printf_c.o
        44          0          0          0          0        108   _printf_char.o
        48          6          0          0          0         96   _printf_char_common.o
        36          4          0          0          0         80   _printf_char_file.o
         6          0          0          0          0          0   _printf_d.o
       120         16          0          0          0         92   _printf_dec.o
        88          4         40          0          0         88   _printf_hex_int.o
       178          0          0          0          0         88   _printf_intcommon.o
        78          0          0          0          0        108   _printf_pad.o
         0          0          0          0          0          0   _printf_percent.o
         4          0          0          0          0          0   _printf_percent_end.o
         6          0          0          0          0          0   _printf_s.o
        82          0          0          0          0         80   _printf_str.o
         6          0          0          0          0          0   _printf_u.o
         6          0          0          0          0          0   _printf_x.o
        10          0          0          0          0         68   _sputc.o
        16          0          0          0          0         68   aeabi_memset.o
        18          0          0          0          0         80   exit.o
         8          0          0          0          0         68   ferror.o
         6          0          0          0          0        152   heapauxi.o
         2          0          0          0          0          0   libinit.o
         2          0          0          0          0          0   libinit2.o
         2          0          0          0          0          0   libshutdown.o
         2          0          0          0          0          0   libshutdown2.o
         8          4          0          0         96         68   libspace.o
        72          0          0          0          0         76   llsdiv.o
       238          0          0          0          0        100   lludivv7m.o
        88          0          0          0          0         76   memcmp.o
        24          4          0          0          0         84   noretval__2printf.o
        40          6          0          0          0         84   noretval__2sprintf.o
        68          0          0          0          0         68   rt_memclr.o
        78          0          0          0          0         80   rt_memclr_w.o
       138          0          0          0          0         68   rt_memcpy_v6.o
       100          0          0          0          0         80   rt_memcpy_w.o
         2          0          0          0          0          0   rtexit.o
        10          0          0          0          0          0   rtexit2.o
        24          0          0          0          0         68   strcat.o
        20          0          0          0          0         68   strchr.o
       128          0          0          0          0         68   strcmpv7m.o
        72          0          0          0          0         80   strcpy.o
        74          0          0          0          0         80   sys_stackheap_outer.o
         2          0          0          0          0         68   use_no_semi.o
         2          0          0          0          0         68   use_no_semi_2.o
        90          4          0          0          0         92   dfixu.o
        38          0          0          0          0         68   dflt_clz.o
       340         12          0          0          0        104   dmul.o
       156          4          0          0          0         92   dnaninf.o
        12          0          0          0          0         68   dretinf.o
       430          8          0          0          0        168   faddsub_clz.o
        24          0          0          0          0         68   fcmpi.o
       388         76          0          0          0         96   fdiv.o
        62          4          0          0          0         84   ffixu.o
        38          0          0          0          0         68   fflt_clz.o
       104          4          0          0          0         84   fleqf.o
       258          4          0          0          0         84   fmul.o
       140          4          0          0          0         84   fnaninf.o
        10          0          0          0          0         68   fretinf.o
        98          0          0          0          0         68   frleqf.o
         0          0          0          0          0          0   usenofp.o

    ----------------------------------------------------------------------
      4764        176         58          0         96       3984   Library Totals
        12          0          1          0          0          0   (incl. Padding)

    ----------------------------------------------------------------------

      Code (inc. data)   RO Data    RW Data    ZI Data      Debug   Library Name

      2564         56         57          0         96       2688   c_w.l
      2188        120          0          0          0       1296   fz_ws.l

    ----------------------------------------------------------------------
      4764        176         58          0         96       3984   Library Totals

    ----------------------------------------------------------------------

==============================================================================


      Code (inc. data)   RO Data    RW Data    ZI Data      Debug   

     66386       3574      15714        500      50672     663566   Grand Totals
     66386       3574      15714        180      50672     663566   ELF Image Totals (compressed)
     66386       3574      15714        180          0          0   ROM Totals

==============================================================================

    Total RO  Size (Code + RO Data)                82100 (  80.18kB)
    Total RW  Size (RW Data + ZI Data)             51172 (  49.97kB)
    Total ROM Size (Code + RO Data + RW Data)      82280 (  80.35kB)

==============================================================================

