<html>
<body>
<pre>
<h1>礦ision Build Log</h1>
<h2>Tool Versions:</h2>
IDE-Version: μVision V5.36.0.0
Copyright (C) 2021 ARM Ltd and ARM Germany GmbH. All rights reserved.
License Information: zherui xu, Apple.inc, LIC=21E4T-RWI4I-DYPV3-AW7A0-Q26WN-4QLAN
 
Tool Versions:
Toolchain:       MDK-ARM Plus  Version: 5.36.0.0
Toolchain Path:  C:\Keil_v5\ARM\ARMCC\Bin
C Compiler:      Armcc.exe V5.06 update 7 (build 960)
Assembler:       Armasm.exe V5.06 update 7 (build 960)
Linker/Locator:  ArmLink.exe V5.06 update 7 (build 960)
Library Manager: ArmAr.exe V5.06 update 7 (build 960)
Hex Converter:   FromElf.exe V5.06 update 7 (build 960)
CPU DLL:         SARMCM3.DLL V5.36.0.0
Dialog DLL:      DCM.DLL V1.17.3.0
Target DLL:      STLink\ST-LINKIII-KEIL_SWO.dll V3.0.9.0
Dialog DLL:      TCM.DLL V1.53.0.0
 
<h2>Project:</h2>
E:\资料\嵌入式系统\实验38 照相机实验\Projects\MDK-ARM\atk_f103.uvprojx
Project File Date:  05/13/2024

<h2>Output:</h2>
*** Using Compiler 'V5.06 update 7 (build 960)', folder: 'C:\Keil_v5\ARM\ARMCC\Bin'
Rebuild target 'PHOTO'
assembling startup_stm32f103xe.s...
compiling delay.c...
compiling usart.c...
compiling led.c...
compiling spi.c...
compiling sys.c...
compiling norflash.c...
compiling key.c...
compiling main.c...
..\..\User\main.c(174): warning:  #177-D: variable "pause"  was declared but never referenced
      uint8_t pause = 0;    /* 暂停标记 */
..\..\User\main.c(178): warning:  #550-D: variable "str"  was set but never used
  	  char *str = 0;
..\..\User\main.c(201): warning:  #550-D: variable "tm"  was set but never used
      uint8_t tm = 0;
..\..\User\main.c: 3 warnings, 0 errors
compiling sdio_sdcard.c...
compiling btim.c...
compiling lcd.c...
compiling exti.c...
compiling beep.c...
compiling sccb.c...
compiling remote.c...
compiling diskio.c...
compiling malloc.c...
compiling ov7725.c...
compiling ffsystem.c...
compiling exfuns.c...
compiling fattester.c...
compiling myffunicode.c...
compiling text.c...
compiling fonts.c...
compiling piclib.c...
compiling bmp.c...
compiling usmart.c...
compiling gif.c...
compiling usmart_port.c...
compiling usmart_config.c...
compiling ff.c...
compiling tjpgd.c...
compiling usmart_str.c...
linking...
Program Size: Code=66386 RO-data=15714 RW-data=500 ZI-data=50672  
FromELF: creating hex file...
"..\..\Output\atk_f103.axf" - 0 Error(s), 3 Warning(s).

<h2>Software Packages used:</h2>

Package Vendor: Keil
                http://www.keil.com/pack/Keil.STM32F1xx_DFP.2.3.0.pack
                Keil.STM32F1xx_DFP.2.3.0
                STMicroelectronics STM32F1 Series Device Support, Drivers and Examples

<h2>Collection of Component include folders:</h2>
  C:\Users\15640\AppData\Local\Arm\Packs\Keil\STM32F1xx_DFP\2.3.0\Device\Include

<h2>Collection of Component Files used:</h2>
Build Time Elapsed:  00:00:02
</pre>
</body>
</html>
